<html>
<body>
<pre>
<h1>礦ision Build Log</h1>
<h2>Tool Versions:</h2>
IDE-Version: μVision V5.34.0.0
Copyright (C) 2021 ARM Ltd and ARM Germany GmbH. All rights reserved.
License Information: 123 123, 123, LIC=IK1BF-6EZ4G-RARDM-XSTA6-8AHN0-K5DNQ
 
Tool Versions:
Toolchain:       MDK-ARM Plus  Version: 5.34.0.0
Toolchain Path:  D:\Keil_v5--\ARM\ARMCC\Bin
C Compiler:      Armcc.exe V5.06 update 7 (build 960)
Assembler:       Armasm.exe V5.06 update 7 (build 960)
Linker/Locator:  ArmLink.exe V5.06 update 7 (build 960)
Library Manager: ArmAr.exe V5.06 update 7 (build 960)
Hex Converter:   FromElf.exe V5.06 update 7 (build 960)
CPU DLL:         SARMCM3.DLL V5.34.0.0
Dialog DLL:      DCM.DLL V1.17.3.0
Target DLL:      UL2CM3.DLL V1.163.9.0
Dialog DLL:      TCM.DLL V1.48.0.0
 
<h2>Project:</h2>
C:\Users\梁涵宇\Desktop\步进电机驱动\巡航小车57步进0531\MDK-ARM\StepMotorDriverV2.0.uvprojx
Project File Date:  05/31/2023

<h2>Output:</h2>
*** Using Compiler 'V5.06 update 7 (build 960)', folder: 'D:\Keil_v5--\ARM\ARMCC\Bin'
Rebuild target 'StepMotorDriverV2.0'
assembling startup_stm32f103xb.s...
compiling stm32f1xx_hal_cortex.c...
compiling stm32f1xx_it.c...
compiling stm32f1xx_hal_rcc.c...
compiling stm32f1xx_hal_gpio_ex.c...
compiling stm32f1xx_hal_flash_ex.c...
compiling stm32f1xx_hal_rcc_ex.c...
compiling stm32f1xx_hal_flash.c...
compiling stm32f1xx_hal.c...
compiling stm32f1xx_hal_msp.c...
compiling stm32f1xx_hal_pwr.c...
compiling stm32f1xx_hal_gpio.c...
compiling stm32f1xx_hal_adc_ex.c...
compiling stm32f1xx_hal_dma.c...
compiling stm32f1xx_hal_adc.c...
compiling oled_color.c...
compiling oled_basic.c...
compiling oled_bmp.c...
compiling oled_buffer.c...
compiling oled_debug.c...
compiling main.c...
../Core/Src/main.c(925): warning:  #177-D: variable "u16"  was declared but never referenced
  		uint16_t u16 = 0;
../Core/Src/main.c(1120): warning:  #550-D: variable "s_whAngleDelay"  was set but never used
      static uint16_t s_whTime1, s_whTime2, s_whDelay,s_whAngleDelay;
../Core/Src/main.c(1247): warning:  #940-D: missing return statement at end of non-void function "PIDCalculate" 
  }
../Core/Src/main.c(1257): warning:  #177-D: variable "s_AngleHighSide_Old"  was declared but never referenced
      static uint16_t s_AngleHighSide_Old,i;
../Core/Src/main.c(1257): warning:  #177-D: variable "i"  was declared but never referenced
      static uint16_t s_AngleHighSide_Old,i;
../Core/Src/main.c(1258): warning:  #177-D: variable "s_Speed"  was declared but never referenced
      static int32_t s_Speed[4],s_Temp;
../Core/Src/main.c(1258): warning:  #177-D: variable "s_Temp"  was declared but never referenced
      static int32_t s_Speed[4],s_Temp;
../Core/Src/main.c: 7 warnings, 0 errors
compiling oled_font.c...
compiling oled_draw.c...
compiling multi_button.c...
compiling stm32f1xx_hal_exti.c...
compiling test.c...
compiling stm32f1xx_hal_can.c...
compiling system_stm32f1xx.c...
compiling oled_config.c...
compiling oled_driver.c...
compiling stm32f1xx_hal_uart.c...
compiling stm32f1xx_hal_spi.c...
compiling SPI_TMC.c...
compiling stm32f1xx_hal_tim_ex.c...
compiling TMC5160.c...
compiling stm32f1xx_hal_tim.c...
linking...
Program Size: Code=15982 RO-data=294 RW-data=140 ZI-data=2164  
FromELF: creating hex file...
"StepMotorDriverV2.0\StepMotorDriverV2.0" - 0 Error(s), 7 Warning(s).

<h2>Software Packages used:</h2>

Package Vendor: ARM
                http://www.keil.com/pack/ARM.CMSIS.5.7.0.pack
                ARM.CMSIS.5.7.0
                CMSIS (Cortex Microcontroller Software Interface Standard)
   * Component: CORE Version: 5.4.0

Package Vendor: Keil
                http://www.keil.com/pack/Keil.STM32F1xx_DFP.2.4.0.pack
                Keil.STM32F1xx_DFP.2.4.0
                STMicroelectronics STM32F1 Series Device Support, Drivers and Examples

<h2>Collection of Component include folders:</h2>
  .\RTE\_StepMotorDriverV2.0
  D:\Keil_v5--\ARM\CMSIS\5.7.0\CMSIS\Core\Include
  D:\Keil_v5--\Keil\STM32F1xx_DFP\2.4.0\Device\Include

<h2>Collection of Component Files used:</h2>

   * Component: ARM::CMSIS:CORE:5.4.0
Build Time Elapsed:  00:00:09
</pre>
</body>
</html>
