Component: ARM Compiler 5.06 update 7 (build 960) Tool: armlink [4d3601]

==============================================================================

Section Cross References

    startup_stm32f103xb.o(STACK) refers (Special) to heapauxi.o(.text) for __use_two_region_memory
    startup_stm32f103xb.o(HEAP) refers (Special) to heapauxi.o(.text) for __use_two_region_memory
    startup_stm32f103xb.o(RESET) refers (Special) to heapauxi.o(.text) for __use_two_region_memory
    startup_stm32f103xb.o(RESET) refers to startup_stm32f103xb.o(STACK) for __initial_sp
    startup_stm32f103xb.o(RESET) refers to startup_stm32f103xb.o(.text) for Reset_Handler
    startup_stm32f103xb.o(RESET) refers to stm32f1xx_it.o(i.NMI_Handler) for NMI_Handler
    startup_stm32f103xb.o(RESET) refers to stm32f1xx_it.o(i.HardFault_Handler) for HardFault_Handler
    startup_stm32f103xb.o(RESET) refers to stm32f1xx_it.o(i.MemManage_Handler) for MemManage_Handler
    startup_stm32f103xb.o(RESET) refers to stm32f1xx_it.o(i.BusFault_Handler) for BusFault_Handler
    startup_stm32f103xb.o(RESET) refers to stm32f1xx_it.o(i.UsageFault_Handler) for UsageFault_Handler
    startup_stm32f103xb.o(RESET) refers to stm32f1xx_it.o(i.SVC_Handler) for SVC_Handler
    startup_stm32f103xb.o(RESET) refers to stm32f1xx_it.o(i.DebugMon_Handler) for DebugMon_Handler
    startup_stm32f103xb.o(RESET) refers to stm32f1xx_it.o(i.PendSV_Handler) for PendSV_Handler
    startup_stm32f103xb.o(RESET) refers to stm32f1xx_it.o(i.SysTick_Handler) for SysTick_Handler
    startup_stm32f103xb.o(RESET) refers to stm32f1xx_it.o(i.USB_LP_CAN1_RX0_IRQHandler) for USB_LP_CAN1_RX0_IRQHandler
    startup_stm32f103xb.o(RESET) refers to stm32f1xx_it.o(i.CAN1_RX1_IRQHandler) for CAN1_RX1_IRQHandler
    startup_stm32f103xb.o(RESET) refers to stm32f1xx_it.o(i.TIM4_IRQHandler) for TIM4_IRQHandler
    startup_stm32f103xb.o(.text) refers (Special) to heapauxi.o(.text) for __use_two_region_memory
    startup_stm32f103xb.o(.text) refers to system_stm32f1xx.o(i.SystemInit) for SystemInit
    startup_stm32f103xb.o(.text) refers to __main.o(!!!main) for __main
    startup_stm32f103xb.o(.text) refers to startup_stm32f103xb.o(HEAP) for Heap_Mem
    startup_stm32f103xb.o(.text) refers to startup_stm32f103xb.o(STACK) for Stack_Mem
    main.o(i.HAL_CAN_RxFifo0MsgPendingCallback) refers to stm32f1xx_hal_can.o(i.HAL_CAN_GetRxMessage) for HAL_CAN_GetRxMessage
    main.o(i.HAL_CAN_RxFifo0MsgPendingCallback) refers to stm32f1xx_hal_can.o(i.HAL_CAN_ActivateNotification) for HAL_CAN_ActivateNotification
    main.o(i.HAL_CAN_RxFifo0MsgPendingCallback) refers to main.o(.data) for .data
    main.o(i.HAL_CAN_RxFifo0MsgPendingCallback) refers to main.o(.bss) for .bss
    main.o(i.HAL_TIM_PeriodElapsedCallback) refers to oled_config.o(i.OledTimeMsFunc) for OledTimeMsFunc
    main.o(i.HAL_TIM_PeriodElapsedCallback) refers to main.o(.bss) for .bss
    main.o(i.HAL_TIM_PeriodElapsedCallback) refers to main.o(.data) for .data
    main.o(i.MX_ADC1_Init) refers to stm32f1xx_hal_adc.o(i.HAL_ADC_Init) for HAL_ADC_Init
    main.o(i.MX_ADC1_Init) refers to stm32f1xx_hal_adc.o(i.HAL_ADC_ConfigChannel) for HAL_ADC_ConfigChannel
    main.o(i.MX_ADC1_Init) refers to main.o(.bss) for .bss
    main.o(i.MX_CAN_Init) refers to stm32f1xx_hal_can.o(i.HAL_CAN_Init) for HAL_CAN_Init
    main.o(i.MX_CAN_Init) refers to main.o(.bss) for .bss
    main.o(i.MX_GPIO_Init) refers to stm32f1xx_hal_gpio.o(i.HAL_GPIO_WritePin) for HAL_GPIO_WritePin
    main.o(i.MX_GPIO_Init) refers to stm32f1xx_hal_gpio.o(i.HAL_GPIO_Init) for HAL_GPIO_Init
    main.o(i.MX_SPI1_Init) refers to stm32f1xx_hal_spi.o(i.HAL_SPI_Init) for HAL_SPI_Init
    main.o(i.MX_SPI1_Init) refers to main.o(.bss) for .bss
    main.o(i.MX_TIM4_Init) refers to stm32f1xx_hal_tim.o(i.HAL_TIM_Base_Init) for HAL_TIM_Base_Init
    main.o(i.MX_TIM4_Init) refers to stm32f1xx_hal_tim.o(i.HAL_TIM_ConfigClockSource) for HAL_TIM_ConfigClockSource
    main.o(i.MX_TIM4_Init) refers to stm32f1xx_hal_tim_ex.o(i.HAL_TIMEx_MasterConfigSynchronization) for HAL_TIMEx_MasterConfigSynchronization
    main.o(i.MX_TIM4_Init) refers to main.o(.bss) for .bss
    main.o(i.Motor2Rad) refers to dflt_clz.o(x$fpl$dflt) for __aeabi_i2d
    main.o(i.Motor2Rad) refers to dmul.o(x$fpl$dmul) for __aeabi_dmul
    main.o(i.Motor2Rad) refers to scalbn.o(x$fpl$scalbn) for __ARM_scalbn
    main.o(i.Motor2Rad) refers to d2f.o(x$fpl$d2f) for __aeabi_d2f
    main.o(i.PIDCalculate) refers to fflt_clz.o(x$fpl$fflt) for __aeabi_i2f
    main.o(i.PIDCalculate) refers to frleqf.o(x$fpl$frleqf) for __aeabi_cfrcmple
    main.o(i.PIDCalculate) refers to ffix.o(x$fpl$ffix) for __aeabi_f2iz
    main.o(i.PIDCalculate) refers to faddsub_clz.o(x$fpl$fadd) for __aeabi_fadd
    main.o(i.PIDCalculate) refers to fmul.o(x$fpl$fmul) for __aeabi_fmul
    main.o(i.P_PID_Init) refers to main.o(i.ReadEncoder_SPI_HighSide) for ReadEncoder_SPI_HighSide
    main.o(i.P_PID_Init) refers to main.o(.bss) for .bss
[...]
    .ARM.Collect$$libshutdown$$00000006      0x08000166   Section        0  libshutdown2.o(.ARM.Collect$$libshutdown$$00000006)
    .ARM.Collect$$libshutdown$$00000009      0x08000166   Section        0  libshutdown2.o(.ARM.Collect$$libshutdown$$00000009)
    .ARM.Collect$$libshutdown$$0000000C      0x08000166   Section        0  libshutdown2.o(.ARM.Collect$$libshutdown$$0000000C)
    .ARM.Collect$$libshutdown$$0000000E      0x08000166   Section        0  libshutdown2.o(.ARM.Collect$$libshutdown$$0000000E)
    .ARM.Collect$$libshutdown$$00000011      0x08000166   Section        0  libshutdown2.o(.ARM.Collect$$libshutdown$$00000011)
    .ARM.Collect$$libshutdown$$00000012      0x08000166   Section        2  libshutdown2.o(.ARM.Collect$$libshutdown$$00000012)
    .ARM.Collect$$rtentry$$00000000          0x08000168   Section        0  __rtentry.o(.ARM.Collect$$rtentry$$00000000)
    .ARM.Collect$$rtentry$$00000002          0x08000168   Section        0  __rtentry2.o(.ARM.Collect$$rtentry$$00000002)
    .ARM.Collect$$rtentry$$00000004          0x08000168   Section        6  __rtentry4.o(.ARM.Collect$$rtentry$$00000004)
    .ARM.Collect$$rtentry$$00000009          0x0800016e   Section        0  __rtentry2.o(.ARM.Collect$$rtentry$$00000009)
    .ARM.Collect$$rtentry$$0000000A          0x0800016e   Section        4  __rtentry2.o(.ARM.Collect$$rtentry$$0000000A)
    .ARM.Collect$$rtentry$$0000000C          0x08000172   Section        0  __rtentry2.o(.ARM.Collect$$rtentry$$0000000C)
    .ARM.Collect$$rtentry$$0000000D          0x08000172   Section        8  __rtentry2.o(.ARM.Collect$$rtentry$$0000000D)
    .ARM.Collect$$rtexit$$00000000           0x0800017a   Section        2  rtexit.o(.ARM.Collect$$rtexit$$00000000)
    .ARM.Collect$$rtexit$$00000002           0x0800017c   Section        0  rtexit2.o(.ARM.Collect$$rtexit$$00000002)
    .ARM.Collect$$rtexit$$00000003           0x0800017c   Section        4  rtexit2.o(.ARM.Collect$$rtexit$$00000003)
    .ARM.Collect$$rtexit$$00000004           0x08000180   Section        6  rtexit2.o(.ARM.Collect$$rtexit$$00000004)
    .text                                    0x08000188   Section       64  startup_stm32f103xb.o(.text)
    .text                                    0x080001c8   Section       78  rt_memclr_w.o(.text)
    .text                                    0x08000216   Section        0  heapauxi.o(.text)
    .text                                    0x0800021c   Section        8  libspace.o(.text)
    .text                                    0x08000224   Section       74  sys_stackheap_outer.o(.text)
    .text                                    0x0800026e   Section        0  exit.o(.text)
    .text                                    0x08000280   Section        2  use_no_semi.o(.text)
    .text                                    0x08000282   Section        0  indicate_semi.o(.text)
    .text                                    0x08000284   Section        0  sys_exit.o(.text)
    i.ADC_ConversionStop_Disable             0x08000290   Section        0  stm32f1xx_hal_adc.o(i.ADC_ConversionStop_Disable)
    i.BTN1_DOUBLE_Click_Handler              0x080002dc   Section        0  main.o(i.BTN1_DOUBLE_Click_Handler)
    i.BTN1_LONG_PRESS_HOLD_Handler           0x080002de   Section        0  main.o(i.BTN1_LONG_PRESS_HOLD_Handler)
    i.BTN1_LONG_PRESS_START_Handler          0x080002e0   Section        0  main.o(i.BTN1_LONG_PRESS_START_Handler)
    i.BTN1_PRESS_DOWN_Handler                0x080002e2   Section        0  main.o(i.BTN1_PRESS_DOWN_Handler)
    i.BTN1_PRESS_REPEAT_Handler              0x080002e4   Section        0  main.o(i.BTN1_PRESS_REPEAT_Handler)
    i.BTN1_PRESS_UP_Handler                  0x080002e6   Section        0  main.o(i.BTN1_PRESS_UP_Handler)
    i.BTN1_SINGLE_Click_Handler              0x080002e8   Section        0  main.o(i.BTN1_SINGLE_Click_Handler)
    i.BTN2_DOUBLE_Click_Handler              0x080002ea   Section        0  main.o(i.BTN2_DOUBLE_Click_Handler)
    i.BTN2_LONG_PRESS_HOLD_Handler           0x080002ec   Section        0  main.o(i.BTN2_LONG_PRESS_HOLD_Handler)
    i.BTN2_LONG_PRESS_START_Handler          0x080002ee   Section        0  main.o(i.BTN2_LONG_PRESS_START_Handler)
    i.BTN2_PRESS_DOWN_Handler                0x080002f0   Section        0  main.o(i.BTN2_PRESS_DOWN_Handler)
    i.BTN2_PRESS_REPEAT_Handler              0x080002f2   Section        0  main.o(i.BTN2_PRESS_REPEAT_Handler)
    i.BTN2_PRESS_UP_Handler                  0x080002f4   Section        0  main.o(i.BTN2_PRESS_UP_Handler)
    i.BTN2_SINGLE_Click_Handler              0x080002f6   Section        0  main.o(i.BTN2_SINGLE_Click_Handler)
    i.BusFault_Handler                       0x080002f8   Section        0  stm32f1xx_it.o(i.BusFault_Handler)
    i.CAN1_RX1_IRQHandler                    0x080002fc   Section        0  stm32f1xx_it.o(i.CAN1_RX1_IRQHandler)
    i.DebugMon_Handler                       0x08000308   Section        0  stm32f1xx_it.o(i.DebugMon_Handler)
    i.DriverInit                             0x0800030a   Section        0  oled_config.o(i.DriverInit)
    i.HAL_ADC_ConfigChannel                  0x08000310   Section        0  stm32f1xx_hal_adc.o(i.HAL_ADC_ConfigChannel)
    i.HAL_ADC_Init                           0x0800040c   Section        0  stm32f1xx_hal_adc.o(i.HAL_ADC_Init)
    i.HAL_ADC_MspInit                        0x08000528   Section        0  stm32f1xx_hal_msp.o(i.HAL_ADC_MspInit)
    i.HAL_CAN_ActivateNotification           0x08000580   Section        0  stm32f1xx_hal_can.o(i.HAL_CAN_ActivateNotification)
    i.HAL_CAN_AddTxMessage                   0x080005a4   Section        0  stm32f1xx_hal_can.o(i.HAL_CAN_AddTxMessage)
    i.HAL_CAN_ConfigFilter                   0x08000680   Section        0  stm32f1xx_hal_can.o(i.HAL_CAN_ConfigFilter)
    i.HAL_CAN_ErrorCallback                  0x0800076e   Section        0  stm32f1xx_hal_can.o(i.HAL_CAN_ErrorCallback)
    i.HAL_CAN_GetRxMessage                   0x08000770   Section        0  stm32f1xx_hal_can.o(i.HAL_CAN_GetRxMessage)
    i.HAL_CAN_IRQHandler                     0x08000858   Section        0  stm32f1xx_hal_can.o(i.HAL_CAN_IRQHandler)
    i.HAL_CAN_Init                           0x08000a54   Section        0  stm32f1xx_hal_can.o(i.HAL_CAN_Init)
    i.HAL_CAN_MspInit                        0x08000b70   Section        0  stm32f1xx_hal_msp.o(i.HAL_CAN_MspInit)
    i.HAL_CAN_RxFifo0FullCallback            0x08000c14   Section        0  stm32f1xx_hal_can.o(i.HAL_CAN_RxFifo0FullCallback)
    i.HAL_CAN_RxFifo0MsgPendingCallback      0x08000c18   Section        0  main.o(i.HAL_CAN_RxFifo0MsgPendingCallback)
    i.HAL_CAN_RxFifo1FullCallback            0x08000c54   Section        0  stm32f1xx_hal_can.o(i.HAL_CAN_RxFifo1FullCallback)
    i.HAL_CAN_RxFifo1MsgPendingCallback      0x08000c56   Section        0  stm32f1xx_hal_can.o(i.HAL_CAN_RxFifo1MsgPendingCallback)
    i.HAL_CAN_SleepCallback                  0x08000c58   Section        0  stm32f1xx_hal_can.o(i.HAL_CAN_SleepCallback)
    i.HAL_CAN_Start                          0x08000c5c   Section        0  stm32f1xx_hal_can.o(i.HAL_CAN_Start)
    i.HAL_CAN_TxMailbox0AbortCallback        0x08000cb4   Section        0  stm32f1xx_hal_can.o(i.HAL_CAN_TxMailbox0AbortCallback)
    i.HAL_CAN_TxMailbox0CompleteCallback     0x08000cb6   Section        0  stm32f1xx_hal_can.o(i.HAL_CAN_TxMailbox0CompleteCallback)
    i.HAL_CAN_TxMailbox1AbortCallback        0x08000cb8   Section        0  stm32f1xx_hal_can.o(i.HAL_CAN_TxMailbox1AbortCallback)
    i.HAL_CAN_TxMailbox1CompleteCallback     0x08000cba   Section        0  stm32f1xx_hal_can.o(i.HAL_CAN_TxMailbox1CompleteCallback)
    i.HAL_CAN_TxMailbox2AbortCallback        0x08000cbc   Section        0  stm32f1xx_hal_can.o(i.HAL_CAN_TxMailbox2AbortCallback)
    i.HAL_CAN_TxMailbox2CompleteCallback     0x08000cbe   Section        0  stm32f1xx_hal_can.o(i.HAL_CAN_TxMailbox2CompleteCallback)
    i.HAL_CAN_WakeUpFromRxMsgCallback        0x08000cc0   Section        0  stm32f1xx_hal_can.o(i.HAL_CAN_WakeUpFromRxMsgCallback)
    i.HAL_Delay                              0x08000cc4   Section        0  stm32f1xx_hal.o(i.HAL_Delay)
    i.HAL_GPIO_Init                          0x08000ce8   Section        0  stm32f1xx_hal_gpio.o(i.HAL_GPIO_Init)
    i.HAL_GPIO_ReadPin                       0x08000ec8   Section        0  stm32f1xx_hal_gpio.o(i.HAL_GPIO_ReadPin)
    i.HAL_GPIO_WritePin                      0x08000ed2   Section        0  stm32f1xx_hal_gpio.o(i.HAL_GPIO_WritePin)
    i.HAL_GetTick                            0x08000edc   Section        0  stm32f1xx_hal.o(i.HAL_GetTick)
    i.HAL_IncTick                            0x08000ee8   Section        0  stm32f1xx_hal.o(i.HAL_IncTick)
    i.HAL_Init                               0x08000ef8   Section        0  stm32f1xx_hal.o(i.HAL_Init)
    i.HAL_InitTick                           0x08000f1c   Section        0  stm32f1xx_hal.o(i.HAL_InitTick)
    i.HAL_MspInit                            0x08000f5c   Section        0  stm32f1xx_hal_msp.o(i.HAL_MspInit)
    i.HAL_NVIC_EnableIRQ                     0x08000f98   Section        0  stm32f1xx_hal_cortex.o(i.HAL_NVIC_EnableIRQ)
    i.HAL_NVIC_SetPriority                   0x08000fb4   Section        0  stm32f1xx_hal_cortex.o(i.HAL_NVIC_SetPriority)
    i.HAL_NVIC_SetPriorityGrouping           0x08000ff4   Section        0  stm32f1xx_hal_cortex.o(i.HAL_NVIC_SetPriorityGrouping)
    i.HAL_RCCEx_PeriphCLKConfig              0x08001018   Section        0  stm32f1xx_hal_rcc_ex.o(i.HAL_RCCEx_PeriphCLKConfig)
    i.HAL_RCC_ClockConfig                    0x08001104   Section        0  stm32f1xx_hal_rcc.o(i.HAL_RCC_ClockConfig)
    i.HAL_RCC_GetPCLK1Freq                   0x08001230   Section        0  stm32f1xx_hal_rcc.o(i.HAL_RCC_GetPCLK1Freq)
    i.HAL_RCC_GetPCLK2Freq                   0x08001250   Section        0  stm32f1xx_hal_rcc.o(i.HAL_RCC_GetPCLK2Freq)
    i.HAL_RCC_GetSysClockFreq                0x08001270   Section        0  stm32f1xx_hal_rcc.o(i.HAL_RCC_GetSysClockFreq)
    i.HAL_RCC_OscConfig                      0x080012e4   Section        0  stm32f1xx_hal_rcc.o(i.HAL_RCC_OscConfig)
    i.HAL_SPI_Init                           0x08001604   Section        0  stm32f1xx_hal_spi.o(i.HAL_SPI_Init)
    i.HAL_SPI_MspInit                        0x080016b8   Section        0  stm32f1xx_hal_msp.o(i.HAL_SPI_MspInit)
    i.HAL_SPI_Receive                        0x08001728   Section        0  stm32f1xx_hal_spi.o(i.HAL_SPI_Receive)
    i.HAL_SPI_Transmit                       0x08001882   Section        0  stm32f1xx_hal_spi.o(i.HAL_SPI_Transmit)
    i.HAL_SPI_TransmitReceive                0x080019e8   Section        0  stm32f1xx_hal_spi.o(i.HAL_SPI_TransmitReceive)
    i.HAL_SYSTICK_Config                     0x08001bca   Section        0  stm32f1xx_hal_cortex.o(i.HAL_SYSTICK_Config)
    i.HAL_TIMEx_BreakCallback                0x08001bf2   Section        0  stm32f1xx_hal_tim_ex.o(i.HAL_TIMEx_BreakCallback)
    i.HAL_TIMEx_CommutCallback               0x08001bf4   Section        0  stm32f1xx_hal_tim_ex.o(i.HAL_TIMEx_CommutCallback)
    i.HAL_TIMEx_MasterConfigSynchronization  0x08001bf8   Section        0  stm32f1xx_hal_tim_ex.o(i.HAL_TIMEx_MasterConfigSynchronization)
    i.HAL_TIM_Base_Init                      0x08001c60   Section        0  stm32f1xx_hal_tim.o(i.HAL_TIM_Base_Init)
    i.HAL_TIM_Base_MspInit                   0x08001cbc   Section        0  stm32f1xx_hal_msp.o(i.HAL_TIM_Base_MspInit)
    i.HAL_TIM_Base_Start_IT                  0x08001cf8   Section        0  stm32f1xx_hal_tim.o(i.HAL_TIM_Base_Start_IT)
    i.HAL_TIM_ConfigClockSource              0x08001d50   Section        0  stm32f1xx_hal_tim.o(i.HAL_TIM_ConfigClockSource)
    i.HAL_TIM_IC_CaptureCallback             0x08001e26   Section        0  stm32f1xx_hal_tim.o(i.HAL_TIM_IC_CaptureCallback)
    i.HAL_TIM_IRQHandler                     0x08001e28   Section        0  stm32f1xx_hal_tim.o(i.HAL_TIM_IRQHandler)
    i.HAL_TIM_OC_DelayElapsedCallback        0x08001f8e   Section        0  stm32f1xx_hal_tim.o(i.HAL_TIM_OC_DelayElapsedCallback)
    i.HAL_TIM_PWM_PulseFinishedCallback      0x08001f90   Section        0  stm32f1xx_hal_tim.o(i.HAL_TIM_PWM_PulseFinishedCallback)
    i.HAL_TIM_PeriodElapsedCallback          0x08001f94   Section        0  main.o(i.HAL_TIM_PeriodElapsedCallback)
    i.HAL_TIM_TriggerCallback                0x08002004   Section        0  stm32f1xx_hal_tim.o(i.HAL_TIM_TriggerCallback)
    i.HAL_UART_Init                          0x08002006   Section        0  stm32f1xx_hal_uart.o(i.HAL_UART_Init)
    i.HAL_UART_MspInit                       0x08002068   Section        0  stm32f1xx_hal_msp.o(i.HAL_UART_MspInit)
    i.HardFault_Handler                      0x080020d8   Section        0  stm32f1xx_it.o(i.HardFault_Handler)
    i.I2C_WriteByte                          0x080020da   Section        0  oled_driver.o(i.I2C_WriteByte)
    i.IIC_Send_Byte                          0x080020f8   Section        0  oled_driver.o(i.IIC_Send_Byte)
    i.IIC_Start                              0x08002188   Section        0  oled_driver.o(i.IIC_Start)
    i.IIC_Stop                               0x080021d0   Section        0  oled_driver.o(i.IIC_Stop)
    i.InitGraph                              0x08002208   Section        0  oled_basic.o(i.InitGraph)
    i.MX_ADC1_Init                           0x0800220c   Section        0  main.o(i.MX_ADC1_Init)
    MX_ADC1_Init                             0x0800220d   Thumb Code    68  main.o(i.MX_ADC1_Init)
    i.MX_CAN_Init                            0x08002258   Section        0  main.o(i.MX_CAN_Init)
    MX_CAN_Init                              0x08002259   Thumb Code    68  main.o(i.MX_CAN_Init)
    i.MX_GPIO_Init                           0x080022a4   Section        0  main.o(i.MX_GPIO_Init)
    MX_GPIO_Init                             0x080022a5   Thumb Code   288  main.o(i.MX_GPIO_Init)
    i.MX_SPI1_Init                           0x080023d4   Section        0  main.o(i.MX_SPI1_Init)
    MX_SPI1_Init                             0x080023d5   Thumb Code    64  main.o(i.MX_SPI1_Init)
    i.MX_TIM4_Init                           0x0800241c   Section        0  main.o(i.MX_TIM4_Init)
    MX_TIM4_Init                             0x0800241d   Thumb Code    96  main.o(i.MX_TIM4_Init)
    i.MemManage_Handler                      0x08002484   Section        0  stm32f1xx_it.o(i.MemManage_Handler)
    i.NMI_Handler                            0x08002486   Section        0  stm32f1xx_it.o(i.NMI_Handler)
    i.OLED_FULL                              0x08002488   Section        0  oled_driver.o(i.OLED_FULL)
    i.OLED_Init                              0x080024b8   Section        0  oled_driver.o(i.OLED_Init)
    i.OledTimeMsFunc                         0x08002560   Section        0  oled_config.o(i.OledTimeMsFunc)
    i.P_PID_Init                             0x08002574   Section        0  main.o(i.P_PID_Init)
    i.PendSV_Handler                         0x080025b4   Section        0  stm32f1xx_it.o(i.PendSV_Handler)
    i.Position2Speed_PID                     0x080025b8   Section        0  main.o(i.Position2Speed_PID)
    i.ReadEncoder_SPI_HighSide               0x08002680   Section        0  main.o(i.ReadEncoder_SPI_HighSide)
    i.SPI_EndRxTransaction                   0x08002728   Section        0  stm32f1xx_hal_spi.o(i.SPI_EndRxTransaction)
    SPI_EndRxTransaction                     0x08002729   Thumb Code    92  stm32f1xx_hal_spi.o(i.SPI_EndRxTransaction)
    i.SPI_EndRxTxTransaction                 0x08002784   Section        0  stm32f1xx_hal_spi.o(i.SPI_EndRxTxTransaction)
    SPI_EndRxTxTransaction                   0x08002785   Thumb Code    32  stm32f1xx_hal_spi.o(i.SPI_EndRxTxTransaction)
    i.SPI_WaitFlagStateUntilTimeout          0x080027a4   Section        0  stm32f1xx_hal_spi.o(i.SPI_WaitFlagStateUntilTimeout)
    SPI_WaitFlagStateUntilTimeout            0x080027a5   Thumb Code   180  stm32f1xx_hal_spi.o(i.SPI_WaitFlagStateUntilTimeout)
    i.SVC_Handler                            0x0800285c   Section        0  stm32f1xx_it.o(i.SVC_Handler)
    i.SysTick_Handler                        0x0800285e   Section        0  stm32f1xx_it.o(i.SysTick_Handler)
    i.SystemClock_Config                     0x08002862   Section        0  main.o(i.SystemClock_Config)
    i.SystemInit                             0x080028d8   Section        0  system_stm32f1xx.o(i.SystemInit)
    i.TIM4_IRQHandler                        0x080028dc   Section        0  stm32f1xx_it.o(i.TIM4_IRQHandler)
    i.TIM_Base_SetConfig                     0x080028e8   Section        0  stm32f1xx_hal_tim.o(i.TIM_Base_SetConfig)
    i.TIM_ETR_SetConfig                      0x08002954   Section        0  stm32f1xx_hal_tim.o(i.TIM_ETR_SetConfig)
    i.TIM_ITRx_SetConfig                     0x08002968   Section        0  stm32f1xx_hal_tim.o(i.TIM_ITRx_SetConfig)
    TIM_ITRx_SetConfig                       0x08002969   Thumb Code    16  stm32f1xx_hal_tim.o(i.TIM_ITRx_SetConfig)
    i.TIM_TI1_ConfigInputStage               0x08002978   Section        0  stm32f1xx_hal_tim.o(i.TIM_TI1_ConfigInputStage)
    TIM_TI1_ConfigInputStage                 0x08002979   Thumb Code    34  stm32f1xx_hal_tim.o(i.TIM_TI1_ConfigInputStage)
    i.TIM_TI2_ConfigInputStage               0x0800299a   Section        0  stm32f1xx_hal_tim.o(i.TIM_TI2_ConfigInputStage)
    TIM_TI2_ConfigInputStage                 0x0800299b   Thumb Code    36  stm32f1xx_hal_tim.o(i.TIM_TI2_ConfigInputStage)
    i.Task_CAN                               0x080029c0   Section        0  main.o(i.Task_CAN)
    i.Task_Control                           0x08002b00   Section        0  main.o(i.Task_Control)
    i.UART_SetConfig                         0x08002b9c   Section        0  stm32f1xx_hal_uart.o(i.UART_SetConfig)
    UART_SetConfig                           0x08002b9d   Thumb Code   178  stm32f1xx_hal_uart.o(i.UART_SetConfig)
    i.USB_LP_CAN1_RX0_IRQHandler             0x08002c54   Section        0  stm32f1xx_it.o(i.USB_LP_CAN1_RX0_IRQHandler)
    i.UsageFault_Handler                     0x08002c60   Section        0  stm32f1xx_it.o(i.UsageFault_Handler)
    i.WriteCmd                               0x08002c62   Section        0  oled_driver.o(i.WriteCmd)
    i.WriteDat                               0x08002c6a   Section        0  oled_driver.o(i.WriteDat)
    i.__NVIC_SetPriority                     0x08002c72   Section        0  stm32f1xx_hal_cortex.o(i.__NVIC_SetPriority)
    __NVIC_SetPriority                       0x08002c73   Thumb Code    32  stm32f1xx_hal_cortex.o(i.__NVIC_SetPriority)
    i.button_attach                          0x08002c92   Section        0  multi_button.o(i.button_attach)
    i.button_init                            0x08002c9a   Section        0  multi_button.o(i.button_init)
    i.button_start                           0x08002cd0   Section        0  multi_button.o(i.button_start)
    i.delay_us                               0x08002cf4   Section        0  oled_driver.o(i.delay_us)
    i.main                                   0x08002d08   Section        0  main.o(i.main)
    i.read_button_GPIO                       0x08002fc8   Section        0  main.o(i.read_button_GPIO)
    i.tmc_cs_sel                             0x08002ff4   Section        0  tmc5160.o(i.tmc_cs_sel)
    i.tmc_delay_us                           0x08003020   Section        0  tmc5160.o(i.tmc_delay_us)
    i.tmc_spi_readregister                   0x0800303c   Section        0  tmc5160.o(i.tmc_spi_readregister)
    i.tmc_spi_readwritebyte                  0x080030d8   Section        0  spi_tmc.o(i.tmc_spi_readwritebyte)
    i.tmc_spi_sendbyte                       0x080030dc   Section        0  spi_tmc.o(i.tmc_spi_sendbyte)
    i.tmc_spi_writeregister                  0x080031fc   Section        0  tmc5160.o(i.tmc_spi_writeregister)
    x$fpl$dadd                               0x08003254   Section      336  daddsub_clz.o(x$fpl$dadd)
    _dadd1                                   0x08003265   Thumb Code     0  daddsub_clz.o(x$fpl$dadd)
    x$fpl$dcheck1                            0x080033a4   Section       16  dcheck1.o(x$fpl$dcheck1)
    x$fpl$ddiv                               0x080033b4   Section      688  ddiv.o(x$fpl$ddiv)
    ddiv_entry                               0x080033bb   Thumb Code     0  ddiv.o(x$fpl$ddiv)
    x$fpl$dfixu                              0x08003664   Section       90  dfixu.o(x$fpl$dfixu)
    x$fpl$dflt                               0x080036be   Section       46  dflt_clz.o(x$fpl$dflt)
    x$fpl$dmul                               0x080036ec   Section      340  dmul.o(x$fpl$dmul)
    x$fpl$dnaninf                            0x08003840   Section      156  dnaninf.o(x$fpl$dnaninf)
    x$fpl$dretinf                            0x080038dc   Section       12  dretinf.o(x$fpl$dretinf)
    x$fpl$dsub                               0x080038e8   Section      468  daddsub_clz.o(x$fpl$dsub)
    _dsub1                                   0x080038f9   Thumb Code     0  daddsub_clz.o(x$fpl$dsub)
    x$fpl$fadd                               0x08003abc   Section      196  faddsub_clz.o(x$fpl$fadd)
    _fadd1                                   0x08003acb   Thumb Code     0  faddsub_clz.o(x$fpl$fadd)
    x$fpl$ffix                               0x08003b80   Section       54  ffix.o(x$fpl$ffix)
    x$fpl$fflt                               0x08003bb8   Section       48  fflt_clz.o(x$fpl$fflt)
    x$fpl$fmul                               0x08003be8   Section      258  fmul.o(x$fpl$fmul)
    x$fpl$fnaninf                            0x08003cea   Section      140  fnaninf.o(x$fpl$fnaninf)
    x$fpl$fretinf                            0x08003d76   Section       10  fretinf.o(x$fpl$fretinf)
    x$fpl$fsub                               0x08003d80   Section      234  faddsub_clz.o(x$fpl$fsub)
    _fsub1                                   0x08003d8f   Thumb Code     0  faddsub_clz.o(x$fpl$fsub)
    x$fpl$retnan                             0x08003e6a   Section      100  retnan.o(x$fpl$retnan)
    x$fpl$scalbn                             0x08003ece   Section       92  scalbn.o(x$fpl$scalbn)
    x$fpl$trapveneer                         0x08003f2a   Section       48  trapv.o(x$fpl$trapveneer)
    .constdata                               0x08003f5a   Section       16  system_stm32f1xx.o(.constdata)
    x$fpl$usenofp                            0x08003f5a   Section        0  usenofp.o(x$fpl$usenofp)
    .constdata                               0x08003f6a   Section        8  system_stm32f1xx.o(.constdata)
    .data                                    0x20000000   Section      108  main.o(.data)
    s_tState                                 0x20000001   Data           1  main.o(.data)
    s_tState                                 0x20000002   Data           1  main.o(.data)
    s_tState                                 0x20000003   Data           1  main.o(.data)
    s_tState                                 0x20000004   Data           1  main.o(.data)
    s_tState                                 0x20000005   Data           1  main.o(.data)
    i                                        0x2000001c   Data           2  main.o(.data)
    ii                                       0x2000001e   Data           2  main.o(.data)
    iii                                      0x20000020   Data           2  main.o(.data)
    iiii                                     0x20000022   Data           2  main.o(.data)
    s_whTime1                                0x20000024   Data           2  main.o(.data)
    s_whTime2                                0x20000026   Data           2  main.o(.data)
    s_whDelay                                0x20000028   Data           2  main.o(.data)
    s_whAngleDelay                           0x2000002a   Data           2  main.o(.data)
    s_whTime1                                0x2000002c   Data           2  main.o(.data)
    s_whTime2                                0x2000002e   Data           2  main.o(.data)
    s_whDelay                                0x20000030   Data           2  main.o(.data)
    .data                                    0x2000006c   Section       12  stm32f1xx_hal.o(.data)
    .data                                    0x20000078   Section        4  system_stm32f1xx.o(.data)
    .data                                    0x2000007c   Section        4  oled_config.o(.data)
    .data                                    0x20000080   Section        5  spi_tmc.o(.data)
    .data                                    0x20000088   Section        4  multi_button.o(.data)
    head_handle                              0x20000088   Data           4  multi_button.o(.data)
    .bss                                     0x2000008c   Section      532  main.o(.bss)
    .bss                                     0x200002a0   Section       96  libspace.o(.bss)
    HEAP                                     0x20000300   Section      512  startup_stm32f103xb.o(HEAP)
    Heap_Mem                                 0x20000300   Data         512  startup_stm32f103xb.o(HEAP)
    STACK                                    0x20000500   Section     1024  startup_stm32f103xb.o(STACK)
    Stack_Mem                                0x20000500   Data        1024  startup_stm32f103xb.o(STACK)
    __initial_sp                             0x20000900   Data           0  startup_stm32f103xb.o(STACK)

    Global Symbols

    Symbol Name                              Value     Ov Type        Size  Object(Section)

    BuildAttributes$$THM_ISAv4$P$D$K$B$S$PE$A:L22UL41UL21$X:L11$S22US41US21$IEEE1$IW$USESV6$~STKCKD$USESV7$~SHL$OTIME$ROPI$IEEEX$EBA8$UX$STANDARDLIB$REQ8$PRES8$EABIv2 0x00000000   Number         0  anon$$obj.o ABSOLUTE
    __ARM_use_no_argv                        0x00000000   Number         0  main.o ABSOLUTE
    __ARM_exceptions_init                     - Undefined Weak Reference
    __alloca_initialize                       - Undefined Weak Reference
    __arm_fini_                               - Undefined Weak Reference
    __arm_preinit_                            - Undefined Weak Reference
    __cpp_initialize__aeabi_                  - Undefined Weak Reference
    __cxa_finalize                            - Undefined Weak Reference
    __rt_locale                               - Undefined Weak Reference
    __sigvec_lookup                           - Undefined Weak Reference
    _atexit_init                              - Undefined Weak Reference
    _call_atexit_fns                          - Undefined Weak Reference
    _clock_init                               - Undefined Weak Reference
    _fp_trap_init                             - Undefined Weak Reference
    _fp_trap_shutdown                         - Undefined Weak Reference
    _get_lc_collate                           - Undefined Weak Reference
    _get_lc_ctype                             - Undefined Weak Reference
    _get_lc_monetary                          - Undefined Weak Reference
    _get_lc_numeric                           - Undefined Weak Reference
    _get_lc_time                              - Undefined Weak Reference
    _getenv_init                              - Undefined Weak Reference
    _handle_redirection                       - Undefined Weak Reference
    _init_alloc                               - Undefined Weak Reference
    _init_user_alloc                          - Undefined Weak Reference
    _initio                                   - Undefined Weak Reference
    _signal_finish                            - Undefined Weak Reference
    _signal_init                              - Undefined Weak Reference
    _terminate_alloc                          - Undefined Weak Reference
    _terminate_user_alloc                     - Undefined Weak Reference
    _terminateio                              - Undefined Weak Reference
    __Vectors_Size                           0x000000ec   Number         0  startup_stm32f103xb.o ABSOLUTE
    __Vectors                                0x08000000   Data           4  startup_stm32f103xb.o(RESET)
    __Vectors_End                            0x080000ec   Data           0  startup_stm32f103xb.o(RESET)
    __main                                   0x080000ed   Thumb Code     8  __main.o(!!!main)
    __scatterload                            0x080000f5   Thumb Code     0  __scatter.o(!!!scatter)
    __scatterload_rt2                        0x080000f5   Thumb Code    44  __scatter.o(!!!scatter)
    __scatterload_rt2_thumb_only             0x080000f5   Thumb Code     0  __scatter.o(!!!scatter)
    __scatterload_null                       0x08000103   Thumb Code     0  __scatter.o(!!!scatter)
    __scatterload_copy                       0x08000129   Thumb Code    26  __scatter_copy.o(!!handler_copy)
    __scatterload_zeroinit                   0x08000145   Thumb Code    28  __scatter_zi.o(!!handler_zi)
    __rt_lib_init                            0x08000161   Thumb Code     0  libinit.o(.ARM.Collect$$libinit$$00000000)
    __rt_lib_init_alloca_1                   0x08000163   Thumb Code     0  libinit2.o(.ARM.Collect$$libinit$$0000002E)
    __rt_lib_init_argv_1                     0x08000163   Thumb Code     0  libinit2.o(.ARM.Collect$$libinit$$0000002C)
    __rt_lib_init_atexit_1                   0x08000163   Thumb Code     0  libinit2.o(.ARM.Collect$$libinit$$0000001B)
    __rt_lib_init_clock_1                    0x08000163   Thumb Code     0  libinit2.o(.ARM.Collect$$libinit$$00000021)
    __rt_lib_init_cpp_1                      0x08000163   Thumb Code     0  libinit2.o(.ARM.Collect$$libinit$$00000032)
    __rt_lib_init_exceptions_1               0x08000163   Thumb Code     0  libinit2.o(.ARM.Collect$$libinit$$00000030)
    __rt_lib_init_fp_1                       0x08000163   Thumb Code     0  libinit2.o(.ARM.Collect$$libinit$$00000002)
    __rt_lib_init_fp_trap_1                  0x08000163   Thumb Code     0  libinit2.o(.ARM.Collect$$libinit$$0000001F)
    __rt_lib_init_getenv_1                   0x08000163   Thumb Code     0  libinit2.o(.ARM.Collect$$libinit$$00000023)
    __rt_lib_init_heap_1                     0x08000163   Thumb Code     0  libinit2.o(.ARM.Collect$$libinit$$0000000A)
    __rt_lib_init_lc_collate_1               0x08000163   Thumb Code     0  libinit2.o(.ARM.Collect$$libinit$$00000011)
    __rt_lib_init_lc_ctype_1                 0x08000163   Thumb Code     0  libinit2.o(.ARM.Collect$$libinit$$00000013)
    __rt_lib_init_lc_monetary_1              0x08000163   Thumb Code     0  libinit2.o(.ARM.Collect$$libinit$$00000015)
    __rt_lib_init_lc_numeric_1               0x08000163   Thumb Code     0  libinit2.o(.ARM.Collect$$libinit$$00000017)
    __rt_lib_init_lc_time_1                  0x08000163   Thumb Code     0  libinit2.o(.ARM.Collect$$libinit$$00000019)
    __rt_lib_init_preinit_1                  0x08000163   Thumb Code     0  libinit2.o(.ARM.Collect$$libinit$$00000004)
    __rt_lib_init_rand_1                     0x08000163   Thumb Code     0  libinit2.o(.ARM.Collect$$libinit$$0000000E)
    __rt_lib_init_return                     0x08000163   Thumb Code     0  libinit2.o(.ARM.Collect$$libinit$$00000033)
    __rt_lib_init_signal_1                   0x08000163   Thumb Code     0  libinit2.o(.ARM.Collect$$libinit$$0000001D)
    __rt_lib_init_stdio_1                    0x08000163   Thumb Code     0  libinit2.o(.ARM.Collect$$libinit$$00000025)
    __rt_lib_init_user_alloc_1               0x08000163   Thumb Code     0  libinit2.o(.ARM.Collect$$libinit$$0000000C)
    __rt_lib_shutdown                        0x08000165   Thumb Code     0  libshutdown.o(.ARM.Collect$$libshutdown$$00000000)
    __rt_lib_shutdown_cpp_1                  0x08000167   Thumb Code     0  libshutdown2.o(.ARM.Collect$$libshutdown$$00000004)
    __rt_lib_shutdown_fini_1                 0x08000167   Thumb Code     0  libshutdown2.o(.ARM.Collect$$libshutdown$$00000002)
    __rt_lib_shutdown_fp_trap_1              0x08000167   Thumb Code     0  libshutdown2.o(.ARM.Collect$$libshutdown$$00000009)
    __rt_lib_shutdown_heap_1                 0x08000167   Thumb Code     0  libshutdown2.o(.ARM.Collect$$libshutdown$$00000011)
    __rt_lib_shutdown_return                 0x08000167   Thumb Code     0  libshutdown2.o(.ARM.Collect$$libshutdown$$00000012)
    __rt_lib_shutdown_signal_1               0x08000167   Thumb Code     0  libshutdown2.o(.ARM.Collect$$libshutdown$$0000000C)
    __rt_lib_shutdown_stdio_1                0x08000167   Thumb Code     0  libshutdown2.o(.ARM.Collect$$libshutdown$$00000006)
    __rt_lib_shutdown_user_alloc_1           0x08000167   Thumb Code     0  libshutdown2.o(.ARM.Collect$$libshutdown$$0000000E)
    __rt_entry                               0x08000169   Thumb Code     0  __rtentry.o(.ARM.Collect$$rtentry$$00000000)
    __rt_entry_presh_1                       0x08000169   Thumb Code     0  __rtentry2.o(.ARM.Collect$$rtentry$$00000002)
    __rt_entry_sh                            0x08000169   Thumb Code     0  __rtentry4.o(.ARM.Collect$$rtentry$$00000004)
    __rt_entry_li                            0x0800016f   Thumb Code     0  __rtentry2.o(.ARM.Collect$$rtentry$$0000000A)
    __rt_entry_postsh_1                      0x0800016f   Thumb Code     0  __rtentry2.o(.ARM.Collect$$rtentry$$00000009)
    __rt_entry_main                          0x08000173   Thumb Code     0  __rtentry2.o(.ARM.Collect$$rtentry$$0000000D)
    __rt_entry_postli_1                      0x08000173   Thumb Code     0  __rtentry2.o(.ARM.Collect$$rtentry$$0000000C)
    __rt_exit                                0x0800017b   Thumb Code     0  rtexit.o(.ARM.Collect$$rtexit$$00000000)
    __rt_exit_ls                             0x0800017d   Thumb Code     0  rtexit2.o(.ARM.Collect$$rtexit$$00000003)
    __rt_exit_prels_1                        0x0800017d   Thumb Code     0  rtexit2.o(.ARM.Collect$$rtexit$$00000002)
    __rt_exit_exit                           0x08000181   Thumb Code     0  rtexit2.o(.ARM.Collect$$rtexit$$00000004)
    Reset_Handler                            0x08000189   Thumb Code     8  startup_stm32f103xb.o(.text)
    ADC1_2_IRQHandler                        0x080001a3   Thumb Code     0  startup_stm32f103xb.o(.text)
    CAN1_SCE_IRQHandler                      0x080001a3   Thumb Code     0  startup_stm32f103xb.o(.text)
    DMA1_Channel1_IRQHandler                 0x080001a3   Thumb Code     0  startup_stm32f103xb.o(.text)
    DMA1_Channel2_IRQHandler                 0x080001a3   Thumb Code     0  startup_stm32f103xb.o(.text)
    DMA1_Channel3_IRQHandler                 0x080001a3   Thumb Code     0  startup_stm32f103xb.o(.text)
    DMA1_Channel4_IRQHandler                 0x080001a3   Thumb Code     0  startup_stm32f103xb.o(.text)
    DMA1_Channel5_IRQHandler                 0x080001a3   Thumb Code     0  startup_stm32f103xb.o(.text)
    DMA1_Channel6_IRQHandler                 0x080001a3   Thumb Code     0  startup_stm32f103xb.o(.text)
    DMA1_Channel7_IRQHandler                 0x080001a3   Thumb Code     0  startup_stm32f103xb.o(.text)
    EXTI0_IRQHandler                         0x080001a3   Thumb Code     0  startup_stm32f103xb.o(.text)
    EXTI15_10_IRQHandler                     0x080001a3   Thumb Code     0  startup_stm32f103xb.o(.text)
    EXTI1_IRQHandler                         0x080001a3   Thumb Code     0  startup_stm32f103xb.o(.text)
    EXTI2_IRQHandler                         0x080001a3   Thumb Code     0  startup_stm32f103xb.o(.text)
    EXTI3_IRQHandler                         0x080001a3   Thumb Code     0  startup_stm32f103xb.o(.text)
    EXTI4_IRQHandler                         0x080001a3   Thumb Code     0  startup_stm32f103xb.o(.text)
    EXTI9_5_IRQHandler                       0x080001a3   Thumb Code     0  startup_stm32f103xb.o(.text)
    FLASH_IRQHandler                         0x080001a3   Thumb Code     0  startup_stm32f103xb.o(.text)
    I2C1_ER_IRQHandler                       0x080001a3   Thumb Code     0  startup_stm32f103xb.o(.text)
    I2C1_EV_IRQHandler                       0x080001a3   Thumb Code     0  startup_stm32f103xb.o(.text)
    I2C2_ER_IRQHandler                       0x080001a3   Thumb Code     0  startup_stm32f103xb.o(.text)
    I2C2_EV_IRQHandler                       0x080001a3   Thumb Code     0  startup_stm32f103xb.o(.text)
    PVD_IRQHandler                           0x080001a3   Thumb Code     0  startup_stm32f103xb.o(.text)
    RCC_IRQHandler                           0x080001a3   Thumb Code     0  startup_stm32f103xb.o(.text)
    RTC_Alarm_IRQHandler                     0x080001a3   Thumb Code     0  startup_stm32f103xb.o(.text)
    RTC_IRQHandler                           0x080001a3   Thumb Code     0  startup_stm32f103xb.o(.text)
    SPI1_IRQHandler                          0x080001a3   Thumb Code     0  startup_stm32f103xb.o(.text)
    SPI2_IRQHandler                          0x080001a3   Thumb Code     0  startup_stm32f103xb.o(.text)
    TAMPER_IRQHandler                        0x080001a3   Thumb Code     0  startup_stm32f103xb.o(.text)
    TIM1_BRK_IRQHandler                      0x080001a3   Thumb Code     0  startup_stm32f103xb.o(.text)
    TIM1_CC_IRQHandler                       0x080001a3   Thumb Code     0  startup_stm32f103xb.o(.text)
    TIM1_TRG_COM_IRQHandler                  0x080001a3   Thumb Code     0  startup_stm32f103xb.o(.text)
    TIM1_UP_IRQHandler                       0x080001a3   Thumb Code     0  startup_stm32f103xb.o(.text)
    TIM2_IRQHandler                          0x080001a3   Thumb Code     0  startup_stm32f103xb.o(.text)
    TIM3_IRQHandler                          0x080001a3   Thumb Code     0  startup_stm32f103xb.o(.text)
    USART1_IRQHandler                        0x080001a3   Thumb Code     0  startup_stm32f103xb.o(.text)
    USART2_IRQHandler                        0x080001a3   Thumb Code     0  startup_stm32f103xb.o(.text)
    USART3_IRQHandler                        0x080001a3   Thumb Code     0  startup_stm32f103xb.o(.text)
    USBWakeUp_IRQHandler                     0x080001a3   Thumb Code     0  startup_stm32f103xb.o(.text)
    USB_HP_CAN1_TX_IRQHandler                0x080001a3   Thumb Code     0  startup_stm32f103xb.o(.text)
    WWDG_IRQHandler                          0x080001a3   Thumb Code     0  startup_stm32f103xb.o(.text)
    __user_initial_stackheap                 0x080001a5   Thumb Code     0  startup_stm32f103xb.o(.text)
    __aeabi_memclr4                          0x080001c9   Thumb Code     0  rt_memclr_w.o(.text)
    __aeabi_memclr8                          0x080001c9   Thumb Code     0  rt_memclr_w.o(.text)
    __rt_memclr_w                            0x080001c9   Thumb Code    78  rt_memclr_w.o(.text)
    _memset_w                                0x080001cd   Thumb Code     0  rt_memclr_w.o(.text)
    __use_two_region_memory                  0x08000217   Thumb Code     2  heapauxi.o(.text)
    __rt_heap_escrow$2region                 0x08000219   Thumb Code     2  heapauxi.o(.text)
    __rt_heap_expand$2region                 0x0800021b   Thumb Code     2  heapauxi.o(.text)
    __user_libspace                          0x0800021d   Thumb Code     8  libspace.o(.text)
    __user_perproc_libspace                  0x0800021d   Thumb Code     0  libspace.o(.text)
    __user_perthread_libspace                0x0800021d   Thumb Code     0  libspace.o(.text)
    __user_setup_stackheap                   0x08000225   Thumb Code    74  sys_stackheap_outer.o(.text)
    exit                                     0x0800026f   Thumb Code    18  exit.o(.text)
    __I$use$semihosting                      0x08000281   Thumb Code     0  use_no_semi.o(.text)
    __use_no_semihosting_swi                 0x08000281   Thumb Code     2  use_no_semi.o(.text)
    __semihosting_library_function           0x08000283   Thumb Code     0  indicate_semi.o(.text)
    _sys_exit                                0x08000285   Thumb Code     8  sys_exit.o(.text)
    ADC_ConversionStop_Disable               0x08000291   Thumb Code    76  stm32f1xx_hal_adc.o(i.ADC_ConversionStop_Disable)
    BTN1_DOUBLE_Click_Handler                0x080002dd   Thumb Code     2  main.o(i.BTN1_DOUBLE_Click_Handler)
    BTN1_LONG_PRESS_HOLD_Handler             0x080002df   Thumb Code     2  main.o(i.BTN1_LONG_PRESS_HOLD_Handler)
    BTN1_LONG_PRESS_START_Handler            0x080002e1   Thumb Code     2  main.o(i.BTN1_LONG_PRESS_START_Handler)
    BTN1_PRESS_DOWN_Handler                  0x080002e3   Thumb Code     2  main.o(i.BTN1_PRESS_DOWN_Handler)
    BTN1_PRESS_REPEAT_Handler                0x080002e5   Thumb Code     2  main.o(i.BTN1_PRESS_REPEAT_Handler)
    BTN1_PRESS_UP_Handler                    0x080002e7   Thumb Code     2  main.o(i.BTN1_PRESS_UP_Handler)
    BTN1_SINGLE_Click_Handler                0x080002e9   Thumb Code     2  main.o(i.BTN1_SINGLE_Click_Handler)
    BTN2_DOUBLE_Click_Handler                0x080002eb   Thumb Code     2  main.o(i.BTN2_DOUBLE_Click_Handler)
    BTN2_LONG_PRESS_HOLD_Handler             0x080002ed   Thumb Code     2  main.o(i.BTN2_LONG_PRESS_HOLD_Handler)
    BTN2_LONG_PRESS_START_Handler            0x080002ef   Thumb Code     2  main.o(i.BTN2_LONG_PRESS_START_Handler)
    BTN2_PRESS_DOWN_Handler                  0x080002f1   Thumb Code     2  main.o(i.BTN2_PRESS_DOWN_Handler)
    BTN2_PRESS_REPEAT_Handler                0x080002f3   Thumb Code     2  main.o(i.BTN2_PRESS_REPEAT_Handler)
    BTN2_PRESS_UP_Handler                    0x080002f5   Thumb Code     2  main.o(i.BTN2_PRESS_UP_Handler)
    BTN2_SINGLE_Click_Handler                0x080002f7   Thumb Code     2  main.o(i.BTN2_SINGLE_Click_Handler)
    BusFault_Handler                         0x080002f9   Thumb Code     2  stm32f1xx_it.o(i.BusFault_Handler)
    CAN1_RX1_IRQHandler                      0x080002fd   Thumb Code     6  stm32f1xx_it.o(i.CAN1_RX1_IRQHandler)
    DebugMon_Handler                         0x08000309   Thumb Code     2  stm32f1xx_it.o(i.DebugMon_Handler)
    DriverInit                               0x0800030b   Thumb Code     4  oled_config.o(i.DriverInit)
    HAL_ADC_ConfigChannel                    0x08000311   Thumb Code   240  stm32f1xx_hal_adc.o(i.HAL_ADC_ConfigChannel)
    HAL_ADC_Init                             0x0800040d   Thumb Code   272  stm32f1xx_hal_adc.o(i.HAL_ADC_Init)
    HAL_ADC_MspInit                          0x08000529   Thumb Code    74  stm32f1xx_hal_msp.o(i.HAL_ADC_MspInit)
    HAL_CAN_ActivateNotification             0x08000581   Thumb Code    36  stm32f1xx_hal_can.o(i.HAL_CAN_ActivateNotification)
    HAL_CAN_AddTxMessage                     0x080005a5   Thumb Code   220  stm32f1xx_hal_can.o(i.HAL_CAN_AddTxMessage)
    HAL_CAN_ConfigFilter                     0x08000681   Thumb Code   238  stm32f1xx_hal_can.o(i.HAL_CAN_ConfigFilter)
    HAL_CAN_ErrorCallback                    0x0800076f   Thumb Code     2  stm32f1xx_hal_can.o(i.HAL_CAN_ErrorCallback)
    HAL_CAN_GetRxMessage                     0x08000771   Thumb Code   232  stm32f1xx_hal_can.o(i.HAL_CAN_GetRxMessage)
    HAL_CAN_IRQHandler                       0x08000859   Thumb Code   508  stm32f1xx_hal_can.o(i.HAL_CAN_IRQHandler)
    HAL_CAN_Init                             0x08000a55   Thumb Code   282  stm32f1xx_hal_can.o(i.HAL_CAN_Init)
    HAL_CAN_MspInit                          0x08000b71   Thumb Code   146  stm32f1xx_hal_msp.o(i.HAL_CAN_MspInit)
    HAL_CAN_RxFifo0FullCallback              0x08000c15   Thumb Code     2  stm32f1xx_hal_can.o(i.HAL_CAN_RxFifo0FullCallback)
    HAL_CAN_RxFifo0MsgPendingCallback        0x08000c19   Thumb Code    46  main.o(i.HAL_CAN_RxFifo0MsgPendingCallback)
    HAL_CAN_RxFifo1FullCallback              0x08000c55   Thumb Code     2  stm32f1xx_hal_can.o(i.HAL_CAN_RxFifo1FullCallback)
    HAL_CAN_RxFifo1MsgPendingCallback        0x08000c57   Thumb Code     2  stm32f1xx_hal_can.o(i.HAL_CAN_RxFifo1MsgPendingCallback)
    HAL_CAN_SleepCallback                    0x08000c59   Thumb Code     2  stm32f1xx_hal_can.o(i.HAL_CAN_SleepCallback)
    HAL_CAN_Start                            0x08000c5d   Thumb Code    88  stm32f1xx_hal_can.o(i.HAL_CAN_Start)
    HAL_CAN_TxMailbox0AbortCallback          0x08000cb5   Thumb Code     2  stm32f1xx_hal_can.o(i.HAL_CAN_TxMailbox0AbortCallback)
    HAL_CAN_TxMailbox0CompleteCallback       0x08000cb7   Thumb Code     2  stm32f1xx_hal_can.o(i.HAL_CAN_TxMailbox0CompleteCallback)
    HAL_CAN_TxMailbox1AbortCallback          0x08000cb9   Thumb Code     2  stm32f1xx_hal_can.o(i.HAL_CAN_TxMailbox1AbortCallback)
    HAL_CAN_TxMailbox1CompleteCallback       0x08000cbb   Thumb Code     2  stm32f1xx_hal_can.o(i.HAL_CAN_TxMailbox1CompleteCallback)
    HAL_CAN_TxMailbox2AbortCallback          0x08000cbd   Thumb Code     2  stm32f1xx_hal_can.o(i.HAL_CAN_TxMailbox2AbortCallback)
    HAL_CAN_TxMailbox2CompleteCallback       0x08000cbf   Thumb Code     2  stm32f1xx_hal_can.o(i.HAL_CAN_TxMailbox2CompleteCallback)
    HAL_CAN_WakeUpFromRxMsgCallback          0x08000cc1   Thumb Code     2  stm32f1xx_hal_can.o(i.HAL_CAN_WakeUpFromRxMsgCallback)
    HAL_Delay                                0x08000cc5   Thumb Code    32  stm32f1xx_hal.o(i.HAL_Delay)
    HAL_GPIO_Init                            0x08000ce9   Thumb Code   446  stm32f1xx_hal_gpio.o(i.HAL_GPIO_Init)
    HAL_GPIO_ReadPin                         0x08000ec9   Thumb Code    10  stm32f1xx_hal_gpio.o(i.HAL_GPIO_ReadPin)
    HAL_GPIO_WritePin                        0x08000ed3   Thumb Code    10  stm32f1xx_hal_gpio.o(i.HAL_GPIO_WritePin)
    HAL_GetTick                              0x08000edd   Thumb Code     6  stm32f1xx_hal.o(i.HAL_GetTick)
    HAL_IncTick                              0x08000ee9   Thumb Code    12  stm32f1xx_hal.o(i.HAL_IncTick)
    HAL_Init                                 0x08000ef9   Thumb Code    32  stm32f1xx_hal.o(i.HAL_Init)
    HAL_InitTick                             0x08000f1d   Thumb Code    54  stm32f1xx_hal.o(i.HAL_InitTick)
    HAL_MspInit                              0x08000f5d   Thumb Code    52  stm32f1xx_hal_msp.o(i.HAL_MspInit)
    HAL_NVIC_EnableIRQ                       0x08000f99   Thumb Code    26  stm32f1xx_hal_cortex.o(i.HAL_NVIC_EnableIRQ)
    HAL_NVIC_SetPriority                     0x08000fb5   Thumb Code    60  stm32f1xx_hal_cortex.o(i.HAL_NVIC_SetPriority)
    HAL_NVIC_SetPriorityGrouping             0x08000ff5   Thumb Code    26  stm32f1xx_hal_cortex.o(i.HAL_NVIC_SetPriorityGrouping)
    HAL_RCCEx_PeriphCLKConfig                0x08001019   Thumb Code   224  stm32f1xx_hal_rcc_ex.o(i.HAL_RCCEx_PeriphCLKConfig)
    HAL_RCC_ClockConfig                      0x08001105   Thumb Code   280  stm32f1xx_hal_rcc.o(i.HAL_RCC_ClockConfig)
    HAL_RCC_GetPCLK1Freq                     0x08001231   Thumb Code    20  stm32f1xx_hal_rcc.o(i.HAL_RCC_GetPCLK1Freq)
    HAL_RCC_GetPCLK2Freq                     0x08001251   Thumb Code    20  stm32f1xx_hal_rcc.o(i.HAL_RCC_GetPCLK2Freq)
    HAL_RCC_GetSysClockFreq                  0x08001271   Thumb Code    80  stm32f1xx_hal_rcc.o(i.HAL_RCC_GetSysClockFreq)
    HAL_RCC_OscConfig                        0x080012e5   Thumb Code   778  stm32f1xx_hal_rcc.o(i.HAL_RCC_OscConfig)
    HAL_SPI_Init                             0x08001605   Thumb Code   178  stm32f1xx_hal_spi.o(i.HAL_SPI_Init)
    HAL_SPI_MspInit                          0x080016b9   Thumb Code    94  stm32f1xx_hal_msp.o(i.HAL_SPI_MspInit)
    HAL_SPI_Receive                          0x08001729   Thumb Code   346  stm32f1xx_hal_spi.o(i.HAL_SPI_Receive)
    HAL_SPI_Transmit                         0x08001883   Thumb Code   358  stm32f1xx_hal_spi.o(i.HAL_SPI_Transmit)
    HAL_SPI_TransmitReceive                  0x080019e9   Thumb Code   482  stm32f1xx_hal_spi.o(i.HAL_SPI_TransmitReceive)
    HAL_SYSTICK_Config                       0x08001bcb   Thumb Code    40  stm32f1xx_hal_cortex.o(i.HAL_SYSTICK_Config)
    HAL_TIMEx_BreakCallback                  0x08001bf3   Thumb Code     2  stm32f1xx_hal_tim_ex.o(i.HAL_TIMEx_BreakCallback)
    HAL_TIMEx_CommutCallback                 0x08001bf5   Thumb Code     2  stm32f1xx_hal_tim_ex.o(i.HAL_TIMEx_CommutCallback)
    HAL_TIMEx_MasterConfigSynchronization    0x08001bf9   Thumb Code    92  stm32f1xx_hal_tim_ex.o(i.HAL_TIMEx_MasterConfigSynchronization)
    HAL_TIM_Base_Init                        0x08001c61   Thumb Code    90  stm32f1xx_hal_tim.o(i.HAL_TIM_Base_Init)
    HAL_TIM_Base_MspInit                     0x08001cbd   Thumb Code    50  stm32f1xx_hal_msp.o(i.HAL_TIM_Base_MspInit)
    HAL_TIM_Base_Start_IT                    0x08001cf9   Thumb Code    76  stm32f1xx_hal_tim.o(i.HAL_TIM_Base_Start_IT)
    HAL_TIM_ConfigClockSource                0x08001d51   Thumb Code   214  stm32f1xx_hal_tim.o(i.HAL_TIM_ConfigClockSource)
    HAL_TIM_IC_CaptureCallback               0x08001e27   Thumb Code     2  stm32f1xx_hal_tim.o(i.HAL_TIM_IC_CaptureCallback)
    HAL_TIM_IRQHandler                       0x08001e29   Thumb Code   358  stm32f1xx_hal_tim.o(i.HAL_TIM_IRQHandler)
    HAL_TIM_OC_DelayElapsedCallback          0x08001f8f   Thumb Code     2  stm32f1xx_hal_tim.o(i.HAL_TIM_OC_DelayElapsedCallback)
    HAL_TIM_PWM_PulseFinishedCallback        0x08001f91   Thumb Code     2  stm32f1xx_hal_tim.o(i.HAL_TIM_PWM_PulseFinishedCallback)
    HAL_TIM_PeriodElapsedCallback            0x08001f95   Thumb Code   102  main.o(i.HAL_TIM_PeriodElapsedCallback)
    HAL_TIM_TriggerCallback                  0x08002005   Thumb Code     2  stm32f1xx_hal_tim.o(i.HAL_TIM_TriggerCallback)
    HAL_UART_Init                            0x08002007   Thumb Code    98  stm32f1xx_hal_uart.o(i.HAL_UART_Init)
    HAL_UART_MspInit                         0x08002069   Thumb Code   100  stm32f1xx_hal_msp.o(i.HAL_UART_MspInit)
    HardFault_Handler                        0x080020d9   Thumb Code     2  stm32f1xx_it.o(i.HardFault_Handler)
    I2C_WriteByte                            0x080020db   Thumb Code    30  oled_driver.o(i.I2C_WriteByte)
    IIC_Send_Byte                            0x080020f9   Thumb Code   138  oled_driver.o(i.IIC_Send_Byte)
    IIC_Start                                0x08002189   Thumb Code    66  oled_driver.o(i.IIC_Start)
    IIC_Stop                                 0x080021d1   Thumb Code    50  oled_driver.o(i.IIC_Stop)
    InitGraph                                0x08002209   Thumb Code     4  oled_basic.o(i.InitGraph)
    MemManage_Handler                        0x08002485   Thumb Code     2  stm32f1xx_it.o(i.MemManage_Handler)
    NMI_Handler                              0x08002487   Thumb Code     2  stm32f1xx_it.o(i.NMI_Handler)
    OLED_FULL                                0x08002489   Thumb Code    48  oled_driver.o(i.OLED_FULL)
    OLED_Init                                0x080024b9   Thumb Code   166  oled_driver.o(i.OLED_Init)
    OledTimeMsFunc                           0x08002561   Thumb Code    14  oled_config.o(i.OledTimeMsFunc)
    P_PID_Init                               0x08002575   Thumb Code    48  main.o(i.P_PID_Init)
    PendSV_Handler                           0x080025b5   Thumb Code     2  stm32f1xx_it.o(i.PendSV_Handler)
    Position2Speed_PID                       0x080025b9   Thumb Code   190  main.o(i.Position2Speed_PID)
    ReadEncoder_SPI_HighSide                 0x08002681   Thumb Code   156  main.o(i.ReadEncoder_SPI_HighSide)
    SVC_Handler                              0x0800285d   Thumb Code     2  stm32f1xx_it.o(i.SVC_Handler)
    SysTick_Handler                          0x0800285f   Thumb Code     4  stm32f1xx_it.o(i.SysTick_Handler)
    SystemClock_Config                       0x08002863   Thumb Code   118  main.o(i.SystemClock_Config)
    SystemInit                               0x080028d9   Thumb Code     2  system_stm32f1xx.o(i.SystemInit)
    TIM4_IRQHandler                          0x080028dd   Thumb Code     6  stm32f1xx_it.o(i.TIM4_IRQHandler)
    TIM_Base_SetConfig                       0x080028e9   Thumb Code    94  stm32f1xx_hal_tim.o(i.TIM_Base_SetConfig)
    TIM_ETR_SetConfig                        0x08002955   Thumb Code    20  stm32f1xx_hal_tim.o(i.TIM_ETR_SetConfig)
    Task_CAN                                 0x080029c1   Thumb Code   292  main.o(i.Task_CAN)
    Task_Control                             0x08002b01   Thumb Code   146  main.o(i.Task_Control)
    USB_LP_CAN1_RX0_IRQHandler               0x08002c55   Thumb Code     6  stm32f1xx_it.o(i.USB_LP_CAN1_RX0_IRQHandler)
    UsageFault_Handler                       0x08002c61   Thumb Code     2  stm32f1xx_it.o(i.UsageFault_Handler)
    WriteCmd                                 0x08002c63   Thumb Code     8  oled_driver.o(i.WriteCmd)
    WriteDat                                 0x08002c6b   Thumb Code     8  oled_driver.o(i.WriteDat)
    button_attach                            0x08002c93   Thumb Code     8  multi_button.o(i.button_attach)
    button_init                              0x08002c9b   Thumb Code    54  multi_button.o(i.button_init)
    button_start                             0x08002cd1   Thumb Code    32  multi_button.o(i.button_start)
    delay_us                                 0x08002cf5   Thumb Code    20  oled_driver.o(i.delay_us)
    main                                     0x08002d09   Thumb Code   614  main.o(i.main)
    read_button_GPIO                         0x08002fc9   Thumb Code    38  main.o(i.read_button_GPIO)
    tmc_cs_sel                               0x08002ff5   Thumb Code    38  tmc5160.o(i.tmc_cs_sel)
    tmc_delay_us                             0x08003021   Thumb Code    28  tmc5160.o(i.tmc_delay_us)
    tmc_spi_readregister                     0x0800303d   Thumb Code   150  tmc5160.o(i.tmc_spi_readregister)
    tmc_spi_readwritebyte                    0x080030d9   Thumb Code     4  spi_tmc.o(i.tmc_spi_readwritebyte)
    tmc_spi_sendbyte                         0x080030dd   Thumb Code   280  spi_tmc.o(i.tmc_spi_sendbyte)
    tmc_spi_writeregister                    0x080031fd   Thumb Code    88  tmc5160.o(i.tmc_spi_writeregister)
    __aeabi_dadd                             0x08003255   Thumb Code     0  daddsub_clz.o(x$fpl$dadd)
    _dadd                                    0x08003255   Thumb Code   332  daddsub_clz.o(x$fpl$dadd)
    __fpl_dcheck_NaN1                        0x080033a5   Thumb Code    10  dcheck1.o(x$fpl$dcheck1)
    __aeabi_ddiv                             0x080033b5   Thumb Code     0  ddiv.o(x$fpl$ddiv)
    _ddiv                                    0x080033b5   Thumb Code   552  ddiv.o(x$fpl$ddiv)
    __aeabi_d2uiz                            0x08003665   Thumb Code     0  dfixu.o(x$fpl$dfixu)
    _dfixu                                   0x08003665   Thumb Code    90  dfixu.o(x$fpl$dfixu)
    __aeabi_i2d                              0x080036bf   Thumb Code     0  dflt_clz.o(x$fpl$dflt)
    _dflt                                    0x080036bf   Thumb Code    46  dflt_clz.o(x$fpl$dflt)
    __aeabi_dmul                             0x080036ed   Thumb Code     0  dmul.o(x$fpl$dmul)
    _dmul                                    0x080036ed   Thumb Code   332  dmul.o(x$fpl$dmul)
    __fpl_dnaninf                            0x08003841   Thumb Code   156  dnaninf.o(x$fpl$dnaninf)
    __fpl_dretinf                            0x080038dd   Thumb Code    12  dretinf.o(x$fpl$dretinf)
    __aeabi_dsub                             0x080038e9   Thumb Code     0  daddsub_clz.o(x$fpl$dsub)
    _dsub                                    0x080038e9   Thumb Code   464  daddsub_clz.o(x$fpl$dsub)
    __aeabi_fadd                             0x08003abd   Thumb Code     0  faddsub_clz.o(x$fpl$fadd)
    _fadd                                    0x08003abd   Thumb Code   196  faddsub_clz.o(x$fpl$fadd)
    __aeabi_f2iz                             0x08003b81   Thumb Code     0  ffix.o(x$fpl$ffix)
    _ffix                                    0x08003b81   Thumb Code    54  ffix.o(x$fpl$ffix)
    __aeabi_i2f                              0x08003bb9   Thumb Code     0  fflt_clz.o(x$fpl$fflt)
    _fflt                                    0x08003bb9   Thumb Code    48  fflt_clz.o(x$fpl$fflt)
    __aeabi_fmul                             0x08003be9   Thumb Code     0  fmul.o(x$fpl$fmul)
    _fmul                                    0x08003be9   Thumb Code   258  fmul.o(x$fpl$fmul)
    __fpl_fnaninf                            0x08003ceb   Thumb Code   140  fnaninf.o(x$fpl$fnaninf)
    __fpl_fretinf                            0x08003d77   Thumb Code    10  fretinf.o(x$fpl$fretinf)
    __aeabi_fsub                             0x08003d81   Thumb Code     0  faddsub_clz.o(x$fpl$fsub)
    _fsub                                    0x08003d81   Thumb Code   234  faddsub_clz.o(x$fpl$fsub)
    __fpl_return_NaN                         0x08003e6b   Thumb Code   100  retnan.o(x$fpl$retnan)
    __ARM_scalbn                             0x08003ecf   Thumb Code    92  scalbn.o(x$fpl$scalbn)
    __fpl_cmpreturn                          0x08003f2b   Thumb Code    48  trapv.o(x$fpl$trapveneer)
    AHBPrescTable                            0x08003f5a   Data          16  system_stm32f1xx.o(.constdata)
    __I$use$fp                               0x08003f5a   Number         0  usenofp.o(x$fpl$usenofp)
    APBPrescTable                            0x08003f6a   Data           8  system_stm32f1xx.o(.constdata)
    Region$$Table$$Base                      0x08003f74   Number         0  anon$$obj.o(Region$$Table)
    Region$$Table$$Limit                     0x08003f94   Number         0  anon$$obj.o(Region$$Table)
    g_SpeedMod                               0x20000000   Data           1  main.o(.data)
    g_bTime_1ms                              0x20000006   Data           2  main.o(.data)
    g_bTime_5ms                              0x20000008   Data           2  main.o(.data)
    g_bTime_100ms                            0x2000000a   Data           2  main.o(.data)
    g_bTime_500ms                            0x2000000c   Data           2  main.o(.data)
    g_bFindZero                              0x2000000e   Data           2  main.o(.data)
    g_Time_ms                                0x20000010   Data           2  main.o(.data)
    g_AngleHighSide_Old                      0x20000012   Data           2  main.o(.data)
    g_AngleHighSide_Circle                   0x20000014   Data           2  main.o(.data)
    g_AngleHighSide_New                      0x20000016   Data           2  main.o(.data)
    g_AngleHighSide_Threshold                0x20000018   Data           2  main.o(.data)
    g_CANRxFlag                              0x2000001a   Data           2  main.o(.data)
    g_bTime_1s                               0x20000032   Data           2  main.o(.data)
    g_MotorID                                0x20000034   Data           2  main.o(.data)
    g_CanResiveNum                           0x20000038   Data           4  main.o(.data)
    pTxMailbox                               0x2000003c   Data           4  main.o(.data)
    g_AngleHighSide_All                      0x20000040   Data           4  main.o(.data)
    g_TMC5160_XACTUAL                        0x20000044   Data           4  main.o(.data)
    TXmessage                                0x20000048   Data           8  main.o(.data)
    RXmessage                                0x20000050   Data           8  main.o(.data)
    g_MotorControlRegister                   0x20000058   Data          20  main.o(.data)
    uwTickFreq                               0x2000006c   Data           1  stm32f1xx_hal.o(.data)
    uwTickPrio                               0x20000070   Data           4  stm32f1xx_hal.o(.data)
    uwTick                                   0x20000074   Data           4  stm32f1xx_hal.o(.data)
    SystemCoreClock                          0x20000078   Data           4  system_stm32f1xx.o(.data)
    OledTimeMs                               0x2000007c   Data           4  oled_config.o(.data)
    tmc_sdo_data                             0x20000080   Data           5  spi_tmc.o(.data)
    hadc1                                    0x2000008c   Data          48  main.o(.bss)
    hcan                                     0x200000bc   Data          40  main.o(.bss)
    hspi1                                    0x200000e4   Data          88  main.o(.bss)
    htim4                                    0x2000013c   Data          72  main.o(.bss)
    huart1                                   0x20000184   Data          64  main.o(.bss)
    g_Speed                                  0x200001c4   Data          16  main.o(.bss)
    TXHeader                                 0x200001d4   Data          24  main.o(.bss)
    RXHeader                                 0x200001ec   Data          28  main.o(.bss)
    P_PID                                    0x20000208   Data          64  main.o(.bss)
    btn1                                     0x20000248   Data          44  main.o(.bss)
    btn2                                     0x20000274   Data          44  main.o(.bss)
    __libspace_start                         0x200002a0   Data          96  libspace.o(.bss)
    __temporary_stack_top$libspace           0x20000300   Data           0  libspace.o(.bss)



==============================================================================

Memory Map of the image

  Image Entry point : 0x080000ed

  Load Region LR_IROM1 (Base: 0x08000000, Size: 0x00004020, Max: 0x00010000, ABSOLUTE)

    Execution Region ER_IROM1 (Exec base: 0x08000000, Load base: 0x08000000, Size: 0x00003f94, Max: 0x00010000, ABSOLUTE)

    Exec Addr    Load Addr    Size         Type   Attr      Idx    E Section Name        Object

    0x08000000   0x08000000   0x000000ec   Data   RO            3    RESET               startup_stm32f103xb.o
    0x080000ec   0x080000ec   0x00000008   Code   RO         4840  * !!!main             c_w.l(__main.o)
    0x080000f4   0x080000f4   0x00000034   Code   RO         5158    !!!scatter          c_w.l(__scatter.o)
    0x08000128   0x08000128   0x0000001a   Code   RO         5160    !!handler_copy      c_w.l(__scatter_copy.o)
    0x08000142   0x08000142   0x00000002   PAD
    0x08000144   0x08000144   0x0000001c   Code   RO         5162    !!handler_zi        c_w.l(__scatter_zi.o)
    0x08000160   0x08000160   0x00000002   Code   RO         5080    .ARM.Collect$$libinit$$00000000  c_w.l(libinit.o)
    0x08000162   0x08000162   0x00000000   Code   RO         4930    .ARM.Collect$$libinit$$00000002  c_w.l(libinit2.o)
    0x08000162   0x08000162   0x00000000   Code   RO         4932    .ARM.Collect$$libinit$$00000004  c_w.l(libinit2.o)
    0x08000162   0x08000162   0x00000000   Code   RO         4935    .ARM.Collect$$libinit$$0000000A  c_w.l(libinit2.o)
    0x08000162   0x08000162   0x00000000   Code   RO         4937    .ARM.Collect$$libinit$$0000000C  c_w.l(libinit2.o)
    0x08000162   0x08000162   0x00000000   Code   RO         4939    .ARM.Collect$$libinit$$0000000E  c_w.l(libinit2.o)
    0x08000162   0x08000162   0x00000000   Code   RO         4942    .ARM.Collect$$libinit$$00000011  c_w.l(libinit2.o)
    0x08000162   0x08000162   0x00000000   Code   RO         4944    .ARM.Collect$$libinit$$00000013  c_w.l(libinit2.o)
    0x08000162   0x08000162   0x00000000   Code   RO         4946    .ARM.Collect$$libinit$$00000015  c_w.l(libinit2.o)
    0x08000162   0x08000162   0x00000000   Code   RO         4948    .ARM.Collect$$libinit$$00000017  c_w.l(libinit2.o)
    0x08000162   0x08000162   0x00000000   Code   RO         4950    .ARM.Collect$$libinit$$00000019  c_w.l(libinit2.o)
    0x08000162   0x08000162   0x00000000   Code   RO         4952    .ARM.Collect$$libinit$$0000001B  c_w.l(libinit2.o)
    0x08000162   0x08000162   0x00000000   Code   RO         4954    .ARM.Collect$$libinit$$0000001D  c_w.l(libinit2.o)
    0x08000162   0x08000162   0x00000000   Code   RO         4956    .ARM.Collect$$libinit$$0000001F  c_w.l(libinit2.o)
    0x08000162   0x08000162   0x00000000   Code   RO         4958    .ARM.Collect$$libinit$$00000021  c_w.l(libinit2.o)
    0x08000162   0x08000162   0x00000000   Code   RO         4960    .ARM.Collect$$libinit$$00000023  c_w.l(libinit2.o)
    0x08000162   0x08000162   0x00000000   Code   RO         4962    .ARM.Collect$$libinit$$00000025  c_w.l(libinit2.o)
    0x08000162   0x08000162   0x00000000   Code   RO         4966    .ARM.Collect$$libinit$$0000002C  c_w.l(libinit2.o)
    0x08000162   0x08000162   0x00000000   Code   RO         4968    .ARM.Collect$$libinit$$0000002E  c_w.l(libinit2.o)
    0x08000162   0x08000162   0x00000000   Code   RO         4970    .ARM.Collect$$libinit$$00000030  c_w.l(libinit2.o)
    0x08000162   0x08000162   0x00000000   Code   RO         4972    .ARM.Collect$$libinit$$00000032  c_w.l(libinit2.o)
    0x08000162   0x08000162   0x00000002   Code   RO         4973    .ARM.Collect$$libinit$$00000033  c_w.l(libinit2.o)
    0x08000164   0x08000164   0x00000002   Code   RO         5117    .ARM.Collect$$libshutdown$$00000000  c_w.l(libshutdown.o)
    0x08000166   0x08000166   0x00000000   Code   RO         5123    .ARM.Collect$$libshutdown$$00000002  c_w.l(libshutdown2.o)
    0x08000166   0x08000166   0x00000000   Code   RO         5125    .ARM.Collect$$libshutdown$$00000004  c_w.l(libshutdown2.o)
    0x08000166   0x08000166   0x00000000   Code   RO         5127    .ARM.Collect$$libshutdown$$00000006  c_w.l(libshutdown2.o)
    0x08000166   0x08000166   0x00000000   Code   RO         5130    .ARM.Collect$$libshutdown$$00000009  c_w.l(libshutdown2.o)
    0x08000166   0x08000166   0x00000000   Code   RO         5133    .ARM.Collect$$libshutdown$$0000000C  c_w.l(libshutdown2.o)
    0x08000166   0x08000166   0x00000000   Code   RO         5135    .ARM.Collect$$libshutdown$$0000000E  c_w.l(libshutdown2.o)
    0x08000166   0x08000166   0x00000000   Code   RO         5138    .ARM.Collect$$libshutdown$$00000011  c_w.l(libshutdown2.o)
    0x08000166   0x08000166   0x00000002   Code   RO         5139    .ARM.Collect$$libshutdown$$00000012  c_w.l(libshutdown2.o)
    0x08000168   0x08000168   0x00000000   Code   RO         4924    .ARM.Collect$$rtentry$$00000000  c_w.l(__rtentry.o)
    0x08000168   0x08000168   0x00000000   Code   RO         5031    .ARM.Collect$$rtentry$$00000002  c_w.l(__rtentry2.o)
    0x08000168   0x08000168   0x00000006   Code   RO         5043    .ARM.Collect$$rtentry$$00000004  c_w.l(__rtentry4.o)
    0x0800016e   0x0800016e   0x00000000   Code   RO         5033    .ARM.Collect$$rtentry$$00000009  c_w.l(__rtentry2.o)
    0x0800016e   0x0800016e   0x00000004   Code   RO         5034    .ARM.Collect$$rtentry$$0000000A  c_w.l(__rtentry2.o)
    0x08000172   0x08000172   0x00000000   Code   RO         5036    .ARM.Collect$$rtentry$$0000000C  c_w.l(__rtentry2.o)
    0x08000172   0x08000172   0x00000008   Code   RO         5037    .ARM.Collect$$rtentry$$0000000D  c_w.l(__rtentry2.o)
    0x0800017a   0x0800017a   0x00000002   Code   RO         5085    .ARM.Collect$$rtexit$$00000000  c_w.l(rtexit.o)
    0x0800017c   0x0800017c   0x00000000   Code   RO         5097    .ARM.Collect$$rtexit$$00000002  c_w.l(rtexit2.o)
    0x0800017c   0x0800017c   0x00000004   Code   RO         5098    .ARM.Collect$$rtexit$$00000003  c_w.l(rtexit2.o)
    0x08000180   0x08000180   0x00000006   Code   RO         5099    .ARM.Collect$$rtexit$$00000004  c_w.l(rtexit2.o)
    0x08000186   0x08000186   0x00000002   PAD
    0x08000188   0x08000188   0x00000040   Code   RO            4    .text               startup_stm32f103xb.o
    0x080001c8   0x080001c8   0x0000004e   Code   RO         4836    .text               c_w.l(rt_memclr_w.o)
    0x08000216   0x08000216   0x00000006   Code   RO         4838    .text               c_w.l(heapauxi.o)
    0x0800021c   0x0800021c   0x00000008   Code   RO         5064    .text               c_w.l(libspace.o)
    0x08000224   0x08000224   0x0000004a   Code   RO         5067    .text               c_w.l(sys_stackheap_outer.o)
    0x0800026e   0x0800026e   0x00000012   Code   RO         5069    .text               c_w.l(exit.o)
    0x08000280   0x08000280   0x00000002   Code   RO         5093    .text               c_w.l(use_no_semi.o)
    0x08000282   0x08000282   0x00000000   Code   RO         5095    .text               c_w.l(indicate_semi.o)
    0x08000282   0x08000282   0x00000002   PAD
    0x08000284   0x08000284   0x0000000c   Code   RO         5109    .text               c_w.l(sys_exit.o)
    0x08000290   0x08000290   0x0000004c   Code   RO          626    i.ADC_ConversionStop_Disable  stm32f1xx_hal_adc.o
    0x080002dc   0x080002dc   0x00000002   Code   RO           13    i.BTN1_DOUBLE_Click_Handler  main.o
    0x080002de   0x080002de   0x00000002   Code   RO           14    i.BTN1_LONG_PRESS_HOLD_Handler  main.o
    0x080002e0   0x080002e0   0x00000002   Code   RO           15    i.BTN1_LONG_PRESS_START_Handler  main.o
    0x080002e2   0x080002e2   0x00000002   Code   RO           16    i.BTN1_PRESS_DOWN_Handler  main.o
    0x080002e4   0x080002e4   0x00000002   Code   RO           17    i.BTN1_PRESS_REPEAT_Handler  main.o
    0x080002e6   0x080002e6   0x00000002   Code   RO           18    i.BTN1_PRESS_UP_Handler  main.o
    0x080002e8   0x080002e8   0x00000002   Code   RO           19    i.BTN1_SINGLE_Click_Handler  main.o
    0x080002ea   0x080002ea   0x00000002   Code   RO           20    i.BTN2_DOUBLE_Click_Handler  main.o
    0x080002ec   0x080002ec   0x00000002   Code   RO           21    i.BTN2_LONG_PRESS_HOLD_Handler  main.o
    0x080002ee   0x080002ee   0x00000002   Code   RO           22    i.BTN2_LONG_PRESS_START_Handler  main.o
    0x080002f0   0x080002f0   0x00000002   Code   RO           23    i.BTN2_PRESS_DOWN_Handler  main.o
    0x080002f2   0x080002f2   0x00000002   Code   RO           24    i.BTN2_PRESS_REPEAT_Handler  main.o
    0x080002f4   0x080002f4   0x00000002   Code   RO           25    i.BTN2_PRESS_UP_Handler  main.o
    0x080002f6   0x080002f6   0x00000002   Code   RO           26    i.BTN2_SINGLE_Click_Handler  main.o
    0x080002f8   0x080002f8   0x00000002   Code   RO          412    i.BusFault_Handler  stm32f1xx_it.o
    0x080002fa   0x080002fa   0x00000002   PAD
    0x080002fc   0x080002fc   0x0000000c   Code   RO          413    i.CAN1_RX1_IRQHandler  stm32f1xx_it.o
    0x08000308   0x08000308   0x00000002   Code   RO          414    i.DebugMon_Handler  stm32f1xx_it.o
    0x0800030a   0x0800030a   0x00000004   Code   RO         4039    i.DriverInit        oled_config.o
    0x0800030e   0x0800030e   0x00000002   PAD
    0x08000310   0x08000310   0x000000fc   Code   RO          632    i.HAL_ADC_ConfigChannel  stm32f1xx_hal_adc.o
    0x0800040c   0x0800040c   0x0000011c   Code   RO          641    i.HAL_ADC_Init      stm32f1xx_hal_adc.o
    0x08000528   0x08000528   0x00000058   Code   RO          507    i.HAL_ADC_MspInit   stm32f1xx_hal_msp.o
    0x08000580   0x08000580   0x00000024   Code   RO         1878    i.HAL_CAN_ActivateNotification  stm32f1xx_hal_can.o
    0x080005a4   0x080005a4   0x000000dc   Code   RO         1879    i.HAL_CAN_AddTxMessage  stm32f1xx_hal_can.o
    0x08000680   0x08000680   0x000000ee   Code   RO         1880    i.HAL_CAN_ConfigFilter  stm32f1xx_hal_can.o
    0x0800076e   0x0800076e   0x00000002   Code   RO         1883    i.HAL_CAN_ErrorCallback  stm32f1xx_hal_can.o
    0x08000770   0x08000770   0x000000e8   Code   RO         1886    i.HAL_CAN_GetRxMessage  stm32f1xx_hal_can.o
    0x08000858   0x08000858   0x000001fc   Code   RO         1890    i.HAL_CAN_IRQHandler  stm32f1xx_hal_can.o
    0x08000a54   0x08000a54   0x0000011a   Code   RO         1891    i.HAL_CAN_Init      stm32f1xx_hal_can.o
    0x08000b6e   0x08000b6e   0x00000002   PAD
    0x08000b70   0x08000b70   0x000000a4   Code   RO          509    i.HAL_CAN_MspInit   stm32f1xx_hal_msp.o
    0x08000c14   0x08000c14   0x00000002   Code   RO         1898    i.HAL_CAN_RxFifo0FullCallback  stm32f1xx_hal_can.o
    0x08000c16   0x08000c16   0x00000002   PAD
    0x08000c18   0x08000c18   0x0000003c   Code   RO           28    i.HAL_CAN_RxFifo0MsgPendingCallback  main.o
    0x08000c54   0x08000c54   0x00000002   Code   RO         1900    i.HAL_CAN_RxFifo1FullCallback  stm32f1xx_hal_can.o
    0x08000c56   0x08000c56   0x00000002   Code   RO         1901    i.HAL_CAN_RxFifo1MsgPendingCallback  stm32f1xx_hal_can.o
    0x08000c58   0x08000c58   0x00000002   Code   RO         1902    i.HAL_CAN_SleepCallback  stm32f1xx_hal_can.o
    0x08000c5a   0x08000c5a   0x00000002   PAD
    0x08000c5c   0x08000c5c   0x00000058   Code   RO         1903    i.HAL_CAN_Start     stm32f1xx_hal_can.o
    0x08000cb4   0x08000cb4   0x00000002   Code   RO         1905    i.HAL_CAN_TxMailbox0AbortCallback  stm32f1xx_hal_can.o
    0x08000cb6   0x08000cb6   0x00000002   Code   RO         1906    i.HAL_CAN_TxMailbox0CompleteCallback  stm32f1xx_hal_can.o
    0x08000cb8   0x08000cb8   0x00000002   Code   RO         1907    i.HAL_CAN_TxMailbox1AbortCallback  stm32f1xx_hal_can.o
    0x08000cba   0x08000cba   0x00000002   Code   RO         1908    i.HAL_CAN_TxMailbox1CompleteCallback  stm32f1xx_hal_can.o
    0x08000cbc   0x08000cbc   0x00000002   Code   RO         1909    i.HAL_CAN_TxMailbox2AbortCallback  stm32f1xx_hal_can.o
    0x08000cbe   0x08000cbe   0x00000002   Code   RO         1910    i.HAL_CAN_TxMailbox2CompleteCallback  stm32f1xx_hal_can.o
    0x08000cc0   0x08000cc0   0x00000002   Code   RO         1912    i.HAL_CAN_WakeUpFromRxMsgCallback  stm32f1xx_hal_can.o
    0x08000cc2   0x08000cc2   0x00000002   PAD
    0x08000cc4   0x08000cc4   0x00000024   Code   RO          909    i.HAL_Delay         stm32f1xx_hal.o
    0x08000ce8   0x08000ce8   0x000001e0   Code   RO         1217    i.HAL_GPIO_Init     stm32f1xx_hal_gpio.o
    0x08000ec8   0x08000ec8   0x0000000a   Code   RO         1219    i.HAL_GPIO_ReadPin  stm32f1xx_hal_gpio.o
    0x08000ed2   0x08000ed2   0x0000000a   Code   RO         1221    i.HAL_GPIO_WritePin  stm32f1xx_hal_gpio.o
    0x08000edc   0x08000edc   0x0000000c   Code   RO          913    i.HAL_GetTick       stm32f1xx_hal.o
    0x08000ee8   0x08000ee8   0x00000010   Code   RO          919    i.HAL_IncTick       stm32f1xx_hal.o
    0x08000ef8   0x08000ef8   0x00000024   Code   RO          920    i.HAL_Init          stm32f1xx_hal.o
    0x08000f1c   0x08000f1c   0x00000040   Code   RO          921    i.HAL_InitTick      stm32f1xx_hal.o
    0x08000f5c   0x08000f5c   0x0000003c   Code   RO          510    i.HAL_MspInit       stm32f1xx_hal_msp.o
    0x08000f98   0x08000f98   0x0000001a   Code   RO         1377    i.HAL_NVIC_EnableIRQ  stm32f1xx_hal_cortex.o
    0x08000fb2   0x08000fb2   0x00000002   PAD
    0x08000fb4   0x08000fb4   0x00000040   Code   RO         1383    i.HAL_NVIC_SetPriority  stm32f1xx_hal_cortex.o
    0x08000ff4   0x08000ff4   0x00000024   Code   RO         1384    i.HAL_NVIC_SetPriorityGrouping  stm32f1xx_hal_cortex.o
    0x08001018   0x08001018   0x000000ec   Code   RO         1180    i.HAL_RCCEx_PeriphCLKConfig  stm32f1xx_hal_rcc_ex.o
    0x08001104   0x08001104   0x0000012c   Code   RO         1077    i.HAL_RCC_ClockConfig  stm32f1xx_hal_rcc.o
    0x08001230   0x08001230   0x00000020   Code   RO         1084    i.HAL_RCC_GetPCLK1Freq  stm32f1xx_hal_rcc.o
    0x08001250   0x08001250   0x00000020   Code   RO         1085    i.HAL_RCC_GetPCLK2Freq  stm32f1xx_hal_rcc.o
    0x08001270   0x08001270   0x00000074   Code   RO         1086    i.HAL_RCC_GetSysClockFreq  stm32f1xx_hal_rcc.o
    0x080012e4   0x080012e4   0x00000320   Code   RO         1089    i.HAL_RCC_OscConfig  stm32f1xx_hal_rcc.o
    0x08001604   0x08001604   0x000000b2   Code   RO         2122    i.HAL_SPI_Init      stm32f1xx_hal_spi.o
    0x080016b6   0x080016b6   0x00000002   PAD
    0x080016b8   0x080016b8   0x00000070   Code   RO          512    i.HAL_SPI_MspInit   stm32f1xx_hal_msp.o
    0x08001728   0x08001728   0x0000015a   Code   RO         2125    i.HAL_SPI_Receive   stm32f1xx_hal_spi.o
    0x08001882   0x08001882   0x00000166   Code   RO         2130    i.HAL_SPI_Transmit  stm32f1xx_hal_spi.o
    0x080019e8   0x080019e8   0x000001e2   Code   RO         2131    i.HAL_SPI_TransmitReceive  stm32f1xx_hal_spi.o
    0x08001bca   0x08001bca   0x00000028   Code   RO         1388    i.HAL_SYSTICK_Config  stm32f1xx_hal_cortex.o
    0x08001bf2   0x08001bf2   0x00000002   Code   RO         3139    i.HAL_TIMEx_BreakCallback  stm32f1xx_hal_tim_ex.o
    0x08001bf4   0x08001bf4   0x00000002   Code   RO         3140    i.HAL_TIMEx_CommutCallback  stm32f1xx_hal_tim_ex.o
    0x08001bf6   0x08001bf6   0x00000002   PAD
    0x08001bf8   0x08001bf8   0x00000068   Code   RO         3158    i.HAL_TIMEx_MasterConfigSynchronization  stm32f1xx_hal_tim_ex.o
    0x08001c60   0x08001c60   0x0000005a   Code   RO         2435    i.HAL_TIM_Base_Init  stm32f1xx_hal_tim.o
    0x08001cba   0x08001cba   0x00000002   PAD
    0x08001cbc   0x08001cbc   0x0000003c   Code   RO          514    i.HAL_TIM_Base_MspInit  stm32f1xx_hal_msp.o
    0x08001cf8   0x08001cf8   0x00000058   Code   RO         2440    i.HAL_TIM_Base_Start_IT  stm32f1xx_hal_tim.o
    0x08001d50   0x08001d50   0x000000d6   Code   RO         2444    i.HAL_TIM_ConfigClockSource  stm32f1xx_hal_tim.o
    0x08001e26   0x08001e26   0x00000002   Code   RO         2469    i.HAL_TIM_IC_CaptureCallback  stm32f1xx_hal_tim.o
    0x08001e28   0x08001e28   0x00000166   Code   RO         2483    i.HAL_TIM_IRQHandler  stm32f1xx_hal_tim.o
    0x08001f8e   0x08001f8e   0x00000002   Code   RO         2486    i.HAL_TIM_OC_DelayElapsedCallback  stm32f1xx_hal_tim.o
    0x08001f90   0x08001f90   0x00000002   Code   RO         2513    i.HAL_TIM_PWM_PulseFinishedCallback  stm32f1xx_hal_tim.o
    0x08001f92   0x08001f92   0x00000002   PAD
    0x08001f94   0x08001f94   0x00000070   Code   RO           29    i.HAL_TIM_PeriodElapsedCallback  main.o
    0x08002004   0x08002004   0x00000002   Code   RO         2526    i.HAL_TIM_TriggerCallback  stm32f1xx_hal_tim.o
    0x08002006   0x08002006   0x00000062   Code   RO         3431    i.HAL_UART_Init     stm32f1xx_hal_uart.o
    0x08002068   0x08002068   0x00000070   Code   RO          516    i.HAL_UART_MspInit  stm32f1xx_hal_msp.o
    0x080020d8   0x080020d8   0x00000002   Code   RO          415    i.HardFault_Handler  stm32f1xx_it.o
    0x080020da   0x080020da   0x0000001e   Code   RO         4367    i.I2C_WriteByte     oled_driver.o
    0x080020f8   0x080020f8   0x00000090   Code   RO         4368    i.IIC_Send_Byte     oled_driver.o
    0x08002188   0x08002188   0x00000048   Code   RO         4369    i.IIC_Start         oled_driver.o
    0x080021d0   0x080021d0   0x00000038   Code   RO         4370    i.IIC_Stop          oled_driver.o
    0x08002208   0x08002208   0x00000004   Code   RO         3772    i.InitGraph         oled_basic.o
    0x0800220c   0x0800220c   0x0000004c   Code   RO           30    i.MX_ADC1_Init      main.o
    0x08002258   0x08002258   0x0000004c   Code   RO           31    i.MX_CAN_Init       main.o
    0x080022a4   0x080022a4   0x00000130   Code   RO           32    i.MX_GPIO_Init      main.o
    0x080023d4   0x080023d4   0x00000048   Code   RO           33    i.MX_SPI1_Init      main.o
    0x0800241c   0x0800241c   0x00000068   Code   RO           34    i.MX_TIM4_Init      main.o
    0x08002484   0x08002484   0x00000002   Code   RO          416    i.MemManage_Handler  stm32f1xx_it.o
    0x08002486   0x08002486   0x00000002   Code   RO          417    i.NMI_Handler       stm32f1xx_it.o
    0x08002488   0x08002488   0x00000030   Code   RO         4373    i.OLED_FULL         oled_driver.o
    0x080024b8   0x080024b8   0x000000a6   Code   RO         4374    i.OLED_Init         oled_driver.o
    0x0800255e   0x0800255e   0x00000002   PAD
    0x08002560   0x08002560   0x00000014   Code   RO         4040    i.OledTimeMsFunc    oled_config.o
    0x08002574   0x08002574   0x00000040   Code   RO           37    i.P_PID_Init        main.o
    0x080025b4   0x080025b4   0x00000002   Code   RO          418    i.PendSV_Handler    stm32f1xx_it.o
    0x080025b6   0x080025b6   0x00000002   PAD
    0x080025b8   0x080025b8   0x000000c8   Code   RO           38    i.Position2Speed_PID  main.o
    0x08002680   0x08002680   0x000000a8   Code   RO           40    i.ReadEncoder_SPI_HighSide  main.o
    0x08002728   0x08002728   0x0000005c   Code   RO         2159    i.SPI_EndRxTransaction  stm32f1xx_hal_spi.o
    0x08002784   0x08002784   0x00000020   Code   RO         2160    i.SPI_EndRxTxTransaction  stm32f1xx_hal_spi.o
    0x080027a4   0x080027a4   0x000000b8   Code   RO         2165    i.SPI_WaitFlagStateUntilTimeout  stm32f1xx_hal_spi.o
    0x0800285c   0x0800285c   0x00000002   Code   RO          419    i.SVC_Handler       stm32f1xx_it.o
    0x0800285e   0x0800285e   0x00000004   Code   RO          420    i.SysTick_Handler   stm32f1xx_it.o
    0x08002862   0x08002862   0x00000076   Code   RO           41    i.SystemClock_Config  main.o
    0x080028d8   0x080028d8   0x00000002   Code   RO         3728    i.SystemInit        system_stm32f1xx.o
    0x080028da   0x080028da   0x00000002   PAD
    0x080028dc   0x080028dc   0x0000000c   Code   RO          421    i.TIM4_IRQHandler   stm32f1xx_it.o
    0x080028e8   0x080028e8   0x0000006c   Code   RO         2528    i.TIM_Base_SetConfig  stm32f1xx_hal_tim.o
    0x08002954   0x08002954   0x00000014   Code   RO         2539    i.TIM_ETR_SetConfig  stm32f1xx_hal_tim.o
    0x08002968   0x08002968   0x00000010   Code   RO         2540    i.TIM_ITRx_SetConfig  stm32f1xx_hal_tim.o
    0x08002978   0x08002978   0x00000022   Code   RO         2546    i.TIM_TI1_ConfigInputStage  stm32f1xx_hal_tim.o
    0x0800299a   0x0800299a   0x00000024   Code   RO         2548    i.TIM_TI2_ConfigInputStage  stm32f1xx_hal_tim.o
    0x080029be   0x080029be   0x00000002   PAD
    0x080029c0   0x080029c0   0x00000140   Code   RO           42    i.Task_CAN          main.o
    0x08002b00   0x08002b00   0x0000009c   Code   RO           43    i.Task_Control      main.o
    0x08002b9c   0x08002b9c   0x000000b8   Code   RO         3457    i.UART_SetConfig    stm32f1xx_hal_uart.o
    0x08002c54   0x08002c54   0x0000000c   Code   RO          422    i.USB_LP_CAN1_RX0_IRQHandler  stm32f1xx_it.o
    0x08002c60   0x08002c60   0x00000002   Code   RO          423    i.UsageFault_Handler  stm32f1xx_it.o
    0x08002c62   0x08002c62   0x00000008   Code   RO         4377    i.WriteCmd          oled_driver.o
    0x08002c6a   0x08002c6a   0x00000008   Code   RO         4378    i.WriteDat          oled_driver.o
    0x08002c72   0x08002c72   0x00000020   Code   RO         1390    i.__NVIC_SetPriority  stm32f1xx_hal_cortex.o
    0x08002c92   0x08002c92   0x00000008   Code   RO         4766    i.button_attach     multi_button.o
    0x08002c9a   0x08002c9a   0x00000036   Code   RO         4768    i.button_init       multi_button.o
    0x08002cd0   0x08002cd0   0x00000024   Code   RO         4769    i.button_start      multi_button.o
    0x08002cf4   0x08002cf4   0x00000014   Code   RO         4379    i.delay_us          oled_driver.o
    0x08002d08   0x08002d08   0x000002c0   Code   RO           48    i.main              main.o
    0x08002fc8   0x08002fc8   0x0000002c   Code   RO           49    i.read_button_GPIO  main.o
    0x08002ff4   0x08002ff4   0x0000002c   Code   RO         4642    i.tmc_cs_sel        tmc5160.o
    0x08003020   0x08003020   0x0000001c   Code   RO         4643    i.tmc_delay_us      tmc5160.o
    0x0800303c   0x0800303c   0x0000009c   Code   RO         4644    i.tmc_spi_readregister  tmc5160.o
    0x080030d8   0x080030d8   0x00000004   Code   RO         4566    i.tmc_spi_readwritebyte  spi_tmc.o
    0x080030dc   0x080030dc   0x00000120   Code   RO         4567    i.tmc_spi_sendbyte  spi_tmc.o
    0x080031fc   0x080031fc   0x00000058   Code   RO         4645    i.tmc_spi_writeregister  tmc5160.o
    0x08003254   0x08003254   0x00000150   Code   RO         4844    x$fpl$dadd          fz_ws.l(daddsub_clz.o)
    0x080033a4   0x080033a4   0x00000010   Code   RO         4974    x$fpl$dcheck1       fz_ws.l(dcheck1.o)
    0x080033b4   0x080033b4   0x000002b0   Code   RO         4851    x$fpl$ddiv          fz_ws.l(ddiv.o)
    0x08003664   0x08003664   0x0000005a   Code   RO         4858    x$fpl$dfixu         fz_ws.l(dfixu.o)
    0x080036be   0x080036be   0x0000002e   Code   RO         4863    x$fpl$dflt          fz_ws.l(dflt_clz.o)
    0x080036ec   0x080036ec   0x00000154   Code   RO         4868    x$fpl$dmul          fz_ws.l(dmul.o)
    0x08003840   0x08003840   0x0000009c   Code   RO         4978    x$fpl$dnaninf       fz_ws.l(dnaninf.o)
    0x080038dc   0x080038dc   0x0000000c   Code   RO         4980    x$fpl$dretinf       fz_ws.l(dretinf.o)
    0x080038e8   0x080038e8   0x000001d4   Code   RO         4846    x$fpl$dsub          fz_ws.l(daddsub_clz.o)
    0x08003abc   0x08003abc   0x000000c4   Code   RO         4872    x$fpl$fadd          fz_ws.l(faddsub_clz.o)
    0x08003b80   0x08003b80   0x00000036   Code   RO         4882    x$fpl$ffix          fz_ws.l(ffix.o)
    0x08003bb6   0x08003bb6   0x00000002   PAD
    0x08003bb8   0x08003bb8   0x00000030   Code   RO         4887    x$fpl$fflt          fz_ws.l(fflt_clz.o)
    0x08003be8   0x08003be8   0x00000102   Code   RO         4892    x$fpl$fmul          fz_ws.l(fmul.o)
    0x08003cea   0x08003cea   0x0000008c   Code   RO         4986    x$fpl$fnaninf       fz_ws.l(fnaninf.o)
    0x08003d76   0x08003d76   0x0000000a   Code   RO         4988    x$fpl$fretinf       fz_ws.l(fretinf.o)
    0x08003d80   0x08003d80   0x000000ea   Code   RO         4874    x$fpl$fsub          fz_ws.l(faddsub_clz.o)
    0x08003e6a   0x08003e6a   0x00000064   Code   RO         5058    x$fpl$retnan        fz_ws.l(retnan.o)
    0x08003ece   0x08003ece   0x0000005c   Code   RO         4896    x$fpl$scalbn        fz_ws.l(scalbn.o)
    0x08003f2a   0x08003f2a   0x00000030   Code   RO         5081    x$fpl$trapveneer    fz_ws.l(trapv.o)
    0x08003f5a   0x08003f5a   0x00000000   Code   RO         4990    x$fpl$usenofp       fz_ws.l(usenofp.o)
    0x08003f5a   0x08003f5a   0x00000010   Data   RO         3729    .constdata          system_stm32f1xx.o
    0x08003f6a   0x08003f6a   0x00000008   Data   RO         3730    .constdata          system_stm32f1xx.o
    0x08003f72   0x08003f72   0x00000002   PAD
    0x08003f74   0x08003f74   0x00000020   Data   RO         5156    Region$$Table       anon$$obj.o


    Execution Region RW_IRAM1 (Exec base: 0x20000000, Load base: 0x08003f94, Size: 0x00000900, Max: 0x00005000, ABSOLUTE)

    Exec Addr    Load Addr    Size         Type   Attr      Idx    E Section Name        Object

    0x20000000   0x08003f94   0x0000006c   Data   RW           55    .data               main.o
    0x2000006c   0x08004000   0x0000000c   Data   RW          927    .data               stm32f1xx_hal.o
    0x20000078   0x0800400c   0x00000004   Data   RW         3731    .data               system_stm32f1xx.o
    0x2000007c   0x08004010   0x00000004   Data   RW         4043    .data               oled_config.o
    0x20000080   0x08004014   0x00000005   Data   RW         4568    .data               spi_tmc.o
    0x20000085   0x08004019   0x00000003   PAD
    0x20000088   0x0800401c   0x00000004   Data   RW         4773    .data               multi_button.o
    0x2000008c        -       0x00000214   Zero   RW           52    .bss                main.o
    0x200002a0        -       0x00000060   Zero   RW         5065    .bss                c_w.l(libspace.o)
    0x20000300        -       0x00000200   Zero   RW            2    HEAP                startup_stm32f103xb.o
    0x20000500        -       0x00000400   Zero   RW            1    STACK               startup_stm32f103xb.o


==============================================================================

Image component sizes


      Code (inc. data)   RO Data    RW Data    ZI Data      Debug   Object Name

      2606        248          0        108        532     481246   main.o
        98          4          0          4          0       3037   multi_button.o
         4          0          0          0          0        428   oled_basic.o
        24          6          0          4          0       1139   oled_config.o
       552         18          0          0          0       5218   oled_driver.o
       292          8          0          5          0       1966   spi_tmc.o
        64         26        236          0       1536        816   startup_stm32f103xb.o
       164         28          0         12          0       6049   stm32f1xx_hal.o
       612         24          0          0          0       3368   stm32f1xx_hal_adc.o
      1628          0          0          0          0      14023   stm32f1xx_hal_can.o
       198         14          0          0          0      29059   stm32f1xx_hal_cortex.o
       500         34          0          0          0       3591   stm32f1xx_hal_gpio.o
       596         80          0          0          0       4422   stm32f1xx_hal_msp.o
      1280        102          0          0          0       5336   stm32f1xx_hal_rcc.o
       236         12          0          0          0       1420   stm32f1xx_hal_rcc_ex.o
      1672          4          0          0          0       8294   stm32f1xx_hal_spi.o
       972         26          0          0          0       9921   stm32f1xx_hal_tim.o
       108         12          0          0          0       2449   stm32f1xx_hal_tim_ex.o
       282          6          0          0          0       1968   stm32f1xx_hal_uart.o
        56         18          0          0          0       5427   stm32f1xx_it.o
         2          0         24          4          0       1175   system_stm32f1xx.o
       316         12          0          0          0       4468   tmc5160.o

    ----------------------------------------------------------------------
     12292        682        294        140       2068     594820   Object Totals
         0          0         32          0          0          0   (incl. Generated)
        30          0          2          3          0          0   (incl. Padding)

    ----------------------------------------------------------------------

      Code (inc. data)   RO Data    RW Data    ZI Data      Debug   Library Member Name

         8          0          0          0          0         68   __main.o
         0          0          0          0          0          0   __rtentry.o
        12          0          0          0          0          0   __rtentry2.o
         6          0          0          0          0          0   __rtentry4.o
        52          8          0          0          0          0   __scatter.o
        26          0          0          0          0          0   __scatter_copy.o
        28          0          0          0          0          0   __scatter_zi.o
        18          0          0          0          0         80   exit.o
         6          0          0          0          0        152   heapauxi.o
         0          0          0          0          0          0   indicate_semi.o
         2          0          0          0          0          0   libinit.o
         2          0          0          0          0          0   libinit2.o
         2          0          0          0          0          0   libshutdown.o
         2          0          0          0          0          0   libshutdown2.o
         8          4          0          0         96         68   libspace.o
        78          0          0          0          0         80   rt_memclr_w.o
         2          0          0          0          0          0   rtexit.o
        10          0          0          0          0          0   rtexit2.o
        12          4          0          0          0         68   sys_exit.o
        74          0          0          0          0         80   sys_stackheap_outer.o
         2          0          0          0          0         68   use_no_semi.o
       804         16          0          0          0        272   daddsub_clz.o
        16          4          0          0          0         68   dcheck1.o
       688        140          0          0          0        208   ddiv.o
        90          4          0          0          0         92   dfixu.o
        46          0          0          0          0         68   dflt_clz.o
       340         12          0          0          0        104   dmul.o
       156          4          0          0          0         92   dnaninf.o
        12          0          0          0          0         68   dretinf.o
       430          8          0          0          0        168   faddsub_clz.o
        54          4          0          0          0         84   ffix.o
        48          0          0          0          0         68   fflt_clz.o
       258          4          0          0          0         84   fmul.o
       140          4          0          0          0         84   fnaninf.o
        10          0          0          0          0         68   fretinf.o
       100          0          0          0          0         68   retnan.o
        92          0          0          0          0         68   scalbn.o
        48          0          0          0          0         68   trapv.o
         0          0          0          0          0          0   usenofp.o

    ----------------------------------------------------------------------
      3690        216          0          0         96       2396   Library Totals
         8          0          0          0          0          0   (incl. Padding)

    ----------------------------------------------------------------------

      Code (inc. data)   RO Data    RW Data    ZI Data      Debug   Library Name

       350         16          0          0         96        664   c_w.l
      3332        200          0          0          0       1732   fz_ws.l

    ----------------------------------------------------------------------
      3690        216          0          0         96       2396   Library Totals

    ----------------------------------------------------------------------

==============================================================================


      Code (inc. data)   RO Data    RW Data    ZI Data      Debug   

     15982        898        294        140       2164     589308   Grand Totals
     15982        898        294        140       2164     589308   ELF Image Totals
     15982        898        294        140          0          0   ROM Totals

==============================================================================

    Total RO  Size (Code + RO Data)                16276 (  15.89kB)
    Total RW  Size (RW Data + ZI Data)              2304 (   2.25kB)
    Total ROM Size (Code + RO Data + RW Data)      16416 (  16.03kB)

==============================================================================

